============================= test session starts =============================
platform win32 -- Python 3.13.5, pytest-9.0.0, pluggy-1.6.0 -- C:\Python313\python.exe
cachedir: .pytest_cache
rootdir: S:\Projects\AQRFactorX\backend
configfile: pytest.ini
testpaths: tests
plugins: anyio-4.10.0, Faker-38.2.0, asyncio-1.3.0, cov-7.0.0
asyncio: mode=Mode.STRICT, debug=False, asyncio_default_fixture_loop_scope=None, asyncio_default_test_loop_scope=function
collecting ... collected 19 items

tests/test_api_analytics.py::test_compare_factors ERROR                  [  5%]
tests/test_api_analytics.py::test_compare_factors_minimum_requirement ERROR [ 10%]
tests/test_api_analytics.py::test_correlation_matrix ERROR               [ 15%]
tests/test_api_analytics.py::test_top_factors ERROR                      [ 21%]
tests/test_api_factors.py::test_health_check ERROR                       [ 26%]
tests/test_api_factors.py::test_list_factors_empty ERROR                 [ 31%]
tests/test_api_factors.py::test_list_factors ERROR                       [ 36%]
tests/test_api_factors.py::test_get_factor_by_id ERROR                   [ 42%]
tests/test_api_factors.py::test_get_factor_not_found ERROR               [ 47%]
tests/test_api_factors.py::test_filter_factors_by_region ERROR           [ 52%]
tests/test_api_factors.py::test_search_factors ERROR                     [ 57%]
tests/test_api_factors.py::test_get_factor_timeseries ERROR              [ 63%]
tests/test_api_factors.py::test_get_factor_statistics ERROR              [ 68%]
tests/test_api_factors.py::test_pagination ERROR                         [ 73%]
tests/test_models.py::test_create_factor_group ERROR                     [ 78%]
tests/test_models.py::test_create_factor ERROR                           [ 84%]
tests/test_models.py::test_factor_with_group ERROR                       [ 89%]
tests/test_models.py::test_factor_returns ERROR                          [ 94%]
tests/test_models.py::test_factor_return_unique_constraint ERROR         [100%]

=================================== ERRORS ====================================
___________________ ERROR at setup of test_compare_factors ____________________

self = <sqlalchemy.engine.base.Connection object at 0x0000020C99228EC0>
dialect = <sqlalchemy.dialects.sqlite.pysqlite.SQLiteDialect_pysqlite object at 0x0000020C9913BA10>
context = <sqlalchemy.dialects.sqlite.base.SQLiteExecutionContext object at 0x0000020C99173070>
statement = <sqlalchemy.dialects.sqlite.base.SQLiteDDLCompiler object at 0x0000020C991179B0>
parameters = [()]

    def _exec_single_context(
        self,
        dialect: Dialect,
        context: ExecutionContext,
        statement: Union[str, Compiled],
        parameters: Optional[_AnyMultiExecuteParams],
    ) -> CursorResult[Any]:
        """continue the _execute_context() method for a single DBAPI
        cursor.execute() or cursor.executemany() call.
    
        """
        if dialect.bind_typing is BindTyping.SETINPUTSIZES:
            generic_setinputsizes = context._prepare_set_input_sizes()
    
            if generic_setinputsizes:
                try:
                    dialect.do_set_input_sizes(
                        context.cursor, generic_setinputsizes, context
                    )
                except BaseException as e:
                    self._handle_dbapi_exception(
                        e, str(statement), parameters, None, context
                    )
    
        cursor, str_statement, parameters = (
            context.cursor,
            context.statement,
            context.parameters,
        )
    
        effective_parameters: Optional[_AnyExecuteParams]
    
        if not context.executemany:
            effective_parameters = parameters[0]
        else:
            effective_parameters = parameters
    
        if self._has_events or self.engine._has_events:
            for fn in self.dispatch.before_cursor_execute:
                str_statement, effective_parameters = fn(
                    self,
                    cursor,
                    str_statement,
                    effective_parameters,
                    context,
                    context.executemany,
                )
    
        if self._echo:
            self._log_info(str_statement)
    
            stats = context._get_cache_stats()
    
            if not self.engine.hide_parameters:
                self._log_info(
                    "[%s] %r",
                    stats,
                    sql_util._repr_params(
                        effective_parameters,
                        batches=10,
                        ismulti=context.executemany,
                    ),
                )
            else:
                self._log_info(
                    "[%s] [SQL parameters hidden due to hide_parameters=True]",
                    stats,
                )
    
        evt_handled: bool = False
        try:
            if context.execute_style is ExecuteStyle.EXECUTEMANY:
                effective_parameters = cast(
                    "_CoreMultiExecuteParams", effective_parameters
                )
                if self.dialect._has_events:
                    for fn in self.dialect.dispatch.do_executemany:
                        if fn(
                            cursor,
                            str_statement,
                            effective_parameters,
                            context,
                        ):
                            evt_handled = True
                            break
                if not evt_handled:
                    self.dialect.do_executemany(
                        cursor,
                        str_statement,
                        effective_parameters,
                        context,
                    )
            elif not effective_parameters and context.no_parameters:
                if self.dialect._has_events:
                    for fn in self.dialect.dispatch.do_execute_no_params:
                        if fn(cursor, str_statement, context):
                            evt_handled = True
                            break
                if not evt_handled:
                    self.dialect.do_execute_no_params(
                        cursor, str_statement, context
                    )
            else:
                effective_parameters = cast(
                    "_CoreSingleExecuteParams", effective_parameters
                )
                if self.dialect._has_events:
                    for fn in self.dialect.dispatch.do_execute:
                        if fn(
                            cursor,
                            str_statement,
                            effective_parameters,
                            context,
                        ):
                            evt_handled = True
                            break
                if not evt_handled:
>                   self.dialect.do_execute(
                        cursor, str_statement, effective_parameters, context
                    )

C:\Users\Scott\AppData\Roaming\Python\Python313\site-packages\sqlalchemy\engine\base.py:1967: 
_ _ _ _ _ _ _ _ _ _ _ _ _ _ _ _ _ _ _ _ _ _ _ _ _ _ _ _ _ _ _ _ _ _ _ _ _ _ _ _

self = <sqlalchemy.dialects.sqlite.pysqlite.SQLiteDialect_pysqlite object at 0x0000020C9913BA10>
cursor = <sqlite3.Cursor object at 0x0000020C9924A140>
statement = 'CREATE INDEX ix_factor_group_id ON factor (group_id)'
parameters = ()
context = <sqlalchemy.dialects.sqlite.base.SQLiteExecutionContext object at 0x0000020C99173070>

    def do_execute(self, cursor, statement, parameters, context=None):
>       cursor.execute(statement, parameters)
E       sqlite3.OperationalError: index ix_factor_group_id already exists

C:\Users\Scott\AppData\Roaming\Python\Python313\site-packages\sqlalchemy\engine\default.py:951: OperationalError

The above exception was the direct cause of the following exception:

fixturedef = <FixtureDef argname='db_engine' scope='session' baseid='tests'>
request = <SubRequest 'db_engine' for <Function test_compare_factors>>

    @pytest.hookimpl(wrapper=True)
    def pytest_fixture_setup(fixturedef: FixtureDef, request) -> object | None:
        asyncio_mode = _get_asyncio_mode(request.config)
        if not _is_asyncio_fixture_function(fixturedef.func):
            if asyncio_mode == Mode.STRICT:
                # Ignore async fixtures without explicit asyncio mark in strict mode
                # This applies to pytest_trio fixtures, for example
>               return (yield)
                        ^^^^^

C:\Users\Scott\AppData\Roaming\Python\Python313\site-packages\pytest_asyncio\plugin.py:728: 
_ _ _ _ _ _ _ _ _ _ _ _ _ _ _ _ _ _ _ _ _ _ _ _ _ _ _ _ _ _ _ _ _ _ _ _ _ _ _ _
tests\conftest.py:27: in db_engine
    Base.metadata.create_all(bind=engine)
C:\Users\Scott\AppData\Roaming\Python\Python313\site-packages\sqlalchemy\sql\schema.py:5928: in create_all
    bind._run_ddl_visitor(
C:\Users\Scott\AppData\Roaming\Python\Python313\site-packages\sqlalchemy\engine\base.py:3252: in _run_ddl_visitor
    conn._run_ddl_visitor(visitorcallable, element, **kwargs)
C:\Users\Scott\AppData\Roaming\Python\Python313\site-packages\sqlalchemy\engine\base.py:2459: in _run_ddl_visitor
    ).traverse_single(element)
      ^^^^^^^^^^^^^^^^^^^^^^^^
C:\Users\Scott\AppData\Roaming\Python\Python313\site-packages\sqlalchemy\sql\visitors.py:661: in traverse_single
    return meth(obj, **kw)
           ^^^^^^^^^^^^^^^
C:\Users\Scott\AppData\Roaming\Python\Python313\site-packages\sqlalchemy\sql\ddl.py:984: in visit_metadata
    self.traverse_single(
C:\Users\Scott\AppData\Roaming\Python\Python313\site-packages\sqlalchemy\sql\visitors.py:661: in traverse_single
    return meth(obj, **kw)
           ^^^^^^^^^^^^^^^
C:\Users\Scott\AppData\Roaming\Python\Python313\site-packages\sqlalchemy\sql\ddl.py:1026: in visit_table
    self.traverse_single(index, create_ok=True)
C:\Users\Scott\AppData\Roaming\Python\Python313\site-packages\sqlalchemy\sql\visitors.py:661: in traverse_single
    return meth(obj, **kw)
           ^^^^^^^^^^^^^^^
C:\Users\Scott\AppData\Roaming\Python\Python313\site-packages\sqlalchemy\sql\ddl.py:1063: in visit_index
    CreateIndex(index)._invoke_with(self.connection)
C:\Users\Scott\AppData\Roaming\Python\Python313\site-packages\sqlalchemy\sql\ddl.py:321: in _invoke_with
    return bind.execute(self)
           ^^^^^^^^^^^^^^^^^^
C:\Users\Scott\AppData\Roaming\Python\Python313\site-packages\sqlalchemy\engine\base.py:1419: in execute
    return meth(
C:\Users\Scott\AppData\Roaming\Python\Python313\site-packages\sqlalchemy\sql\ddl.py:187: in _execute_on_connection
    return connection._execute_ddl(
C:\Users\Scott\AppData\Roaming\Python\Python313\site-packages\sqlalchemy\engine\base.py:1530: in _execute_ddl
    ret = self._execute_context(
C:\Users\Scott\AppData\Roaming\Python\Python313\site-packages\sqlalchemy\engine\base.py:1846: in _execute_context
    return self._exec_single_context(
C:\Users\Scott\AppData\Roaming\Python\Python313\site-packages\sqlalchemy\engine\base.py:1986: in _exec_single_context
    self._handle_dbapi_exception(
C:\Users\Scott\AppData\Roaming\Python\Python313\site-packages\sqlalchemy\engine\base.py:2355: in _handle_dbapi_exception
    raise sqlalchemy_exception.with_traceback(exc_info[2]) from e
C:\Users\Scott\AppData\Roaming\Python\Python313\site-packages\sqlalchemy\engine\base.py:1967: in _exec_single_context
    self.dialect.do_execute(
_ _ _ _ _ _ _ _ _ _ _ _ _ _ _ _ _ _ _ _ _ _ _ _ _ _ _ _ _ _ _ _ _ _ _ _ _ _ _ _

self = <sqlalchemy.dialects.sqlite.pysqlite.SQLiteDialect_pysqlite object at 0x0000020C9913BA10>
cursor = <sqlite3.Cursor object at 0x0000020C9924A140>
statement = 'CREATE INDEX ix_factor_group_id ON factor (group_id)'
parameters = ()
context = <sqlalchemy.dialects.sqlite.base.SQLiteExecutionContext object at 0x0000020C99173070>

    def do_execute(self, cursor, statement, parameters, context=None):
>       cursor.execute(statement, parameters)
E       sqlalchemy.exc.OperationalError: (sqlite3.OperationalError) index ix_factor_group_id already exists
E       [SQL: CREATE INDEX ix_factor_group_id ON factor (group_id)]
E       (Background on this error at: https://sqlalche.me/e/20/e3q8)

C:\Users\Scott\AppData\Roaming\Python\Python313\site-packages\sqlalchemy\engine\default.py:951: OperationalError
_________ ERROR at setup of test_compare_factors_minimum_requirement __________

self = <sqlalchemy.engine.base.Connection object at 0x0000020C99228EC0>
dialect = <sqlalchemy.dialects.sqlite.pysqlite.SQLiteDialect_pysqlite object at 0x0000020C9913BA10>
context = <sqlalchemy.dialects.sqlite.base.SQLiteExecutionContext object at 0x0000020C99173070>
statement = <sqlalchemy.dialects.sqlite.base.SQLiteDDLCompiler object at 0x0000020C991179B0>
parameters = [()]

    def _exec_single_context(
        self,
        dialect: Dialect,
        context: ExecutionContext,
        statement: Union[str, Compiled],
        parameters: Optional[_AnyMultiExecuteParams],
    ) -> CursorResult[Any]:
        """continue the _execute_context() method for a single DBAPI
        cursor.execute() or cursor.executemany() call.
    
        """
        if dialect.bind_typing is BindTyping.SETINPUTSIZES:
            generic_setinputsizes = context._prepare_set_input_sizes()
    
            if generic_setinputsizes:
                try:
                    dialect.do_set_input_sizes(
                        context.cursor, generic_setinputsizes, context
                    )
                except BaseException as e:
                    self._handle_dbapi_exception(
                        e, str(statement), parameters, None, context
                    )
    
        cursor, str_statement, parameters = (
            context.cursor,
            context.statement,
            context.parameters,
        )
    
        effective_parameters: Optional[_AnyExecuteParams]
    
        if not context.executemany:
            effective_parameters = parameters[0]
        else:
            effective_parameters = parameters
    
        if self._has_events or self.engine._has_events:
            for fn in self.dispatch.before_cursor_execute:
                str_statement, effective_parameters = fn(
                    self,
                    cursor,
                    str_statement,
                    effective_parameters,
                    context,
                    context.executemany,
                )
    
        if self._echo:
            self._log_info(str_statement)
    
            stats = context._get_cache_stats()
    
            if not self.engine.hide_parameters:
                self._log_info(
                    "[%s] %r",
                    stats,
                    sql_util._repr_params(
                        effective_parameters,
                        batches=10,
                        ismulti=context.executemany,
                    ),
                )
            else:
                self._log_info(
                    "[%s] [SQL parameters hidden due to hide_parameters=True]",
                    stats,
                )
    
        evt_handled: bool = False
        try:
            if context.execute_style is ExecuteStyle.EXECUTEMANY:
                effective_parameters = cast(
                    "_CoreMultiExecuteParams", effective_parameters
                )
                if self.dialect._has_events:
                    for fn in self.dialect.dispatch.do_executemany:
                        if fn(
                            cursor,
                            str_statement,
                            effective_parameters,
                            context,
                        ):
                            evt_handled = True
                            break
                if not evt_handled:
                    self.dialect.do_executemany(
                        cursor,
                        str_statement,
                        effective_parameters,
                        context,
                    )
            elif not effective_parameters and context.no_parameters:
                if self.dialect._has_events:
                    for fn in self.dialect.dispatch.do_execute_no_params:
                        if fn(cursor, str_statement, context):
                            evt_handled = True
                            break
                if not evt_handled:
                    self.dialect.do_execute_no_params(
                        cursor, str_statement, context
                    )
            else:
                effective_parameters = cast(
                    "_CoreSingleExecuteParams", effective_parameters
                )
                if self.dialect._has_events:
                    for fn in self.dialect.dispatch.do_execute:
                        if fn(
                            cursor,
                            str_statement,
                            effective_parameters,
                            context,
                        ):
                            evt_handled = True
                            break
                if not evt_handled:
>                   self.dialect.do_execute(
                        cursor, str_statement, effective_parameters, context
                    )

C:\Users\Scott\AppData\Roaming\Python\Python313\site-packages\sqlalchemy\engine\base.py:1967: 
_ _ _ _ _ _ _ _ _ _ _ _ _ _ _ _ _ _ _ _ _ _ _ _ _ _ _ _ _ _ _ _ _ _ _ _ _ _ _ _

self = <sqlalchemy.dialects.sqlite.pysqlite.SQLiteDialect_pysqlite object at 0x0000020C9913BA10>
cursor = <sqlite3.Cursor object at 0x0000020C9924A140>
statement = 'CREATE INDEX ix_factor_group_id ON factor (group_id)'
parameters = ()
context = <sqlalchemy.dialects.sqlite.base.SQLiteExecutionContext object at 0x0000020C99173070>

    def do_execute(self, cursor, statement, parameters, context=None):
>       cursor.execute(statement, parameters)
E       sqlite3.OperationalError: index ix_factor_group_id already exists

C:\Users\Scott\AppData\Roaming\Python\Python313\site-packages\sqlalchemy\engine\default.py:951: OperationalError

The above exception was the direct cause of the following exception:

    @pytest.fixture(scope="session")
    def db_engine():
        """Create engine once for the session"""
        engine = create_engine(
            SQLALCHEMY_TEST_DATABASE_URL,
            connect_args={"check_same_thread": False},
            poolclass=StaticPool,
        )
>       Base.metadata.create_all(bind=engine)

tests\conftest.py:27: 
_ _ _ _ _ _ _ _ _ _ _ _ _ _ _ _ _ _ _ _ _ _ _ _ _ _ _ _ _ _ _ _ _ _ _ _ _ _ _ _
C:\Users\Scott\AppData\Roaming\Python\Python313\site-packages\sqlalchemy\sql\schema.py:5928: in create_all
    bind._run_ddl_visitor(
C:\Users\Scott\AppData\Roaming\Python\Python313\site-packages\sqlalchemy\engine\base.py:3252: in _run_ddl_visitor
    conn._run_ddl_visitor(visitorcallable, element, **kwargs)
C:\Users\Scott\AppData\Roaming\Python\Python313\site-packages\sqlalchemy\engine\base.py:2459: in _run_ddl_visitor
    ).traverse_single(element)
      ^^^^^^^^^^^^^^^^^^^^^^^^
C:\Users\Scott\AppData\Roaming\Python\Python313\site-packages\sqlalchemy\sql\visitors.py:661: in traverse_single
    return meth(obj, **kw)
           ^^^^^^^^^^^^^^^
C:\Users\Scott\AppData\Roaming\Python\Python313\site-packages\sqlalchemy\sql\ddl.py:984: in visit_metadata
    self.traverse_single(
C:\Users\Scott\AppData\Roaming\Python\Python313\site-packages\sqlalchemy\sql\visitors.py:661: in traverse_single
    return meth(obj, **kw)
           ^^^^^^^^^^^^^^^
C:\Users\Scott\AppData\Roaming\Python\Python313\site-packages\sqlalchemy\sql\ddl.py:1026: in visit_table
    self.traverse_single(index, create_ok=True)
C:\Users\Scott\AppData\Roaming\Python\Python313\site-packages\sqlalchemy\sql\visitors.py:661: in traverse_single
    return meth(obj, **kw)
           ^^^^^^^^^^^^^^^
C:\Users\Scott\AppData\Roaming\Python\Python313\site-packages\sqlalchemy\sql\ddl.py:1063: in visit_index
    CreateIndex(index)._invoke_with(self.connection)
C:\Users\Scott\AppData\Roaming\Python\Python313\site-packages\sqlalchemy\sql\ddl.py:321: in _invoke_with
    return bind.execute(self)
           ^^^^^^^^^^^^^^^^^^
C:\Users\Scott\AppData\Roaming\Python\Python313\site-packages\sqlalchemy\engine\base.py:1419: in execute
    return meth(
C:\Users\Scott\AppData\Roaming\Python\Python313\site-packages\sqlalchemy\sql\ddl.py:187: in _execute_on_connection
    return connection._execute_ddl(
C:\Users\Scott\AppData\Roaming\Python\Python313\site-packages\sqlalchemy\engine\base.py:1530: in _execute_ddl
    ret = self._execute_context(
C:\Users\Scott\AppData\Roaming\Python\Python313\site-packages\sqlalchemy\engine\base.py:1846: in _execute_context
    return self._exec_single_context(
C:\Users\Scott\AppData\Roaming\Python\Python313\site-packages\sqlalchemy\engine\base.py:1986: in _exec_single_context
    self._handle_dbapi_exception(
C:\Users\Scott\AppData\Roaming\Python\Python313\site-packages\sqlalchemy\engine\base.py:2355: in _handle_dbapi_exception
    raise sqlalchemy_exception.with_traceback(exc_info[2]) from e
C:\Users\Scott\AppData\Roaming\Python\Python313\site-packages\sqlalchemy\engine\base.py:1967: in _exec_single_context
    self.dialect.do_execute(
_ _ _ _ _ _ _ _ _ _ _ _ _ _ _ _ _ _ _ _ _ _ _ _ _ _ _ _ _ _ _ _ _ _ _ _ _ _ _ _

self = <sqlalchemy.dialects.sqlite.pysqlite.SQLiteDialect_pysqlite object at 0x0000020C9913BA10>
cursor = <sqlite3.Cursor object at 0x0000020C9924A140>
statement = 'CREATE INDEX ix_factor_group_id ON factor (group_id)'
parameters = ()
context = <sqlalchemy.dialects.sqlite.base.SQLiteExecutionContext object at 0x0000020C99173070>

    def do_execute(self, cursor, statement, parameters, context=None):
>       cursor.execute(statement, parameters)
E       sqlalchemy.exc.OperationalError: (sqlite3.OperationalError) index ix_factor_group_id already exists
E       [SQL: CREATE INDEX ix_factor_group_id ON factor (group_id)]
E       (Background on this error at: https://sqlalche.me/e/20/e3q8)

C:\Users\Scott\AppData\Roaming\Python\Python313\site-packages\sqlalchemy\engine\default.py:951: OperationalError
__________________ ERROR at setup of test_correlation_matrix __________________

self = <sqlalchemy.engine.base.Connection object at 0x0000020C99228EC0>
dialect = <sqlalchemy.dialects.sqlite.pysqlite.SQLiteDialect_pysqlite object at 0x0000020C9913BA10>
context = <sqlalchemy.dialects.sqlite.base.SQLiteExecutionContext object at 0x0000020C99173070>
statement = <sqlalchemy.dialects.sqlite.base.SQLiteDDLCompiler object at 0x0000020C991179B0>
parameters = [()]

    def _exec_single_context(
        self,
        dialect: Dialect,
        context: ExecutionContext,
        statement: Union[str, Compiled],
        parameters: Optional[_AnyMultiExecuteParams],
    ) -> CursorResult[Any]:
        """continue the _execute_context() method for a single DBAPI
        cursor.execute() or cursor.executemany() call.
    
        """
        if dialect.bind_typing is BindTyping.SETINPUTSIZES:
            generic_setinputsizes = context._prepare_set_input_sizes()
    
            if generic_setinputsizes:
                try:
                    dialect.do_set_input_sizes(
                        context.cursor, generic_setinputsizes, context
                    )
                except BaseException as e:
                    self._handle_dbapi_exception(
                        e, str(statement), parameters, None, context
                    )
    
        cursor, str_statement, parameters = (
            context.cursor,
            context.statement,
            context.parameters,
        )
    
        effective_parameters: Optional[_AnyExecuteParams]
    
        if not context.executemany:
            effective_parameters = parameters[0]
        else:
            effective_parameters = parameters
    
        if self._has_events or self.engine._has_events:
            for fn in self.dispatch.before_cursor_execute:
                str_statement, effective_parameters = fn(
                    self,
                    cursor,
                    str_statement,
                    effective_parameters,
                    context,
                    context.executemany,
                )
    
        if self._echo:
            self._log_info(str_statement)
    
            stats = context._get_cache_stats()
    
            if not self.engine.hide_parameters:
                self._log_info(
                    "[%s] %r",
                    stats,
                    sql_util._repr_params(
                        effective_parameters,
                        batches=10,
                        ismulti=context.executemany,
                    ),
                )
            else:
                self._log_info(
                    "[%s] [SQL parameters hidden due to hide_parameters=True]",
                    stats,
                )
    
        evt_handled: bool = False
        try:
            if context.execute_style is ExecuteStyle.EXECUTEMANY:
                effective_parameters = cast(
                    "_CoreMultiExecuteParams", effective_parameters
                )
                if self.dialect._has_events:
                    for fn in self.dialect.dispatch.do_executemany:
                        if fn(
                            cursor,
                            str_statement,
                            effective_parameters,
                            context,
                        ):
                            evt_handled = True
                            break
                if not evt_handled:
                    self.dialect.do_executemany(
                        cursor,
                        str_statement,
                        effective_parameters,
                        context,
                    )
            elif not effective_parameters and context.no_parameters:
                if self.dialect._has_events:
                    for fn in self.dialect.dispatch.do_execute_no_params:
                        if fn(cursor, str_statement, context):
                            evt_handled = True
                            break
                if not evt_handled:
                    self.dialect.do_execute_no_params(
                        cursor, str_statement, context
                    )
            else:
                effective_parameters = cast(
                    "_CoreSingleExecuteParams", effective_parameters
                )
                if self.dialect._has_events:
                    for fn in self.dialect.dispatch.do_execute:
                        if fn(
                            cursor,
                            str_statement,
                            effective_parameters,
                            context,
                        ):
                            evt_handled = True
                            break
                if not evt_handled:
>                   self.dialect.do_execute(
                        cursor, str_statement, effective_parameters, context
                    )

C:\Users\Scott\AppData\Roaming\Python\Python313\site-packages\sqlalchemy\engine\base.py:1967: 
_ _ _ _ _ _ _ _ _ _ _ _ _ _ _ _ _ _ _ _ _ _ _ _ _ _ _ _ _ _ _ _ _ _ _ _ _ _ _ _

self = <sqlalchemy.dialects.sqlite.pysqlite.SQLiteDialect_pysqlite object at 0x0000020C9913BA10>
cursor = <sqlite3.Cursor object at 0x0000020C9924A140>
statement = 'CREATE INDEX ix_factor_group_id ON factor (group_id)'
parameters = ()
context = <sqlalchemy.dialects.sqlite.base.SQLiteExecutionContext object at 0x0000020C99173070>

    def do_execute(self, cursor, statement, parameters, context=None):
>       cursor.execute(statement, parameters)
E       sqlite3.OperationalError: index ix_factor_group_id already exists

C:\Users\Scott\AppData\Roaming\Python\Python313\site-packages\sqlalchemy\engine\default.py:951: OperationalError

The above exception was the direct cause of the following exception:

    @pytest.fixture(scope="session")
    def db_engine():
        """Create engine once for the session"""
        engine = create_engine(
            SQLALCHEMY_TEST_DATABASE_URL,
            connect_args={"check_same_thread": False},
            poolclass=StaticPool,
        )
>       Base.metadata.create_all(bind=engine)

tests\conftest.py:27: 
_ _ _ _ _ _ _ _ _ _ _ _ _ _ _ _ _ _ _ _ _ _ _ _ _ _ _ _ _ _ _ _ _ _ _ _ _ _ _ _
C:\Users\Scott\AppData\Roaming\Python\Python313\site-packages\sqlalchemy\sql\schema.py:5928: in create_all
    bind._run_ddl_visitor(
C:\Users\Scott\AppData\Roaming\Python\Python313\site-packages\sqlalchemy\engine\base.py:3252: in _run_ddl_visitor
    conn._run_ddl_visitor(visitorcallable, element, **kwargs)
C:\Users\Scott\AppData\Roaming\Python\Python313\site-packages\sqlalchemy\engine\base.py:2459: in _run_ddl_visitor
    ).traverse_single(element)
      ^^^^^^^^^^^^^^^^^^^^^^^^
C:\Users\Scott\AppData\Roaming\Python\Python313\site-packages\sqlalchemy\sql\visitors.py:661: in traverse_single
    return meth(obj, **kw)
           ^^^^^^^^^^^^^^^
C:\Users\Scott\AppData\Roaming\Python\Python313\site-packages\sqlalchemy\sql\ddl.py:984: in visit_metadata
    self.traverse_single(
C:\Users\Scott\AppData\Roaming\Python\Python313\site-packages\sqlalchemy\sql\visitors.py:661: in traverse_single
    return meth(obj, **kw)
           ^^^^^^^^^^^^^^^
C:\Users\Scott\AppData\Roaming\Python\Python313\site-packages\sqlalchemy\sql\ddl.py:1026: in visit_table
    self.traverse_single(index, create_ok=True)
C:\Users\Scott\AppData\Roaming\Python\Python313\site-packages\sqlalchemy\sql\visitors.py:661: in traverse_single
    return meth(obj, **kw)
           ^^^^^^^^^^^^^^^
C:\Users\Scott\AppData\Roaming\Python\Python313\site-packages\sqlalchemy\sql\ddl.py:1063: in visit_index
    CreateIndex(index)._invoke_with(self.connection)
C:\Users\Scott\AppData\Roaming\Python\Python313\site-packages\sqlalchemy\sql\ddl.py:321: in _invoke_with
    return bind.execute(self)
           ^^^^^^^^^^^^^^^^^^
C:\Users\Scott\AppData\Roaming\Python\Python313\site-packages\sqlalchemy\engine\base.py:1419: in execute
    return meth(
C:\Users\Scott\AppData\Roaming\Python\Python313\site-packages\sqlalchemy\sql\ddl.py:187: in _execute_on_connection
    return connection._execute_ddl(
C:\Users\Scott\AppData\Roaming\Python\Python313\site-packages\sqlalchemy\engine\base.py:1530: in _execute_ddl
    ret = self._execute_context(
C:\Users\Scott\AppData\Roaming\Python\Python313\site-packages\sqlalchemy\engine\base.py:1846: in _execute_context
    return self._exec_single_context(
C:\Users\Scott\AppData\Roaming\Python\Python313\site-packages\sqlalchemy\engine\base.py:1986: in _exec_single_context
    self._handle_dbapi_exception(
C:\Users\Scott\AppData\Roaming\Python\Python313\site-packages\sqlalchemy\engine\base.py:2355: in _handle_dbapi_exception
    raise sqlalchemy_exception.with_traceback(exc_info[2]) from e
C:\Users\Scott\AppData\Roaming\Python\Python313\site-packages\sqlalchemy\engine\base.py:1967: in _exec_single_context
    self.dialect.do_execute(
_ _ _ _ _ _ _ _ _ _ _ _ _ _ _ _ _ _ _ _ _ _ _ _ _ _ _ _ _ _ _ _ _ _ _ _ _ _ _ _

self = <sqlalchemy.dialects.sqlite.pysqlite.SQLiteDialect_pysqlite object at 0x0000020C9913BA10>
cursor = <sqlite3.Cursor object at 0x0000020C9924A140>
statement = 'CREATE INDEX ix_factor_group_id ON factor (group_id)'
parameters = ()
context = <sqlalchemy.dialects.sqlite.base.SQLiteExecutionContext object at 0x0000020C99173070>

    def do_execute(self, cursor, statement, parameters, context=None):
>       cursor.execute(statement, parameters)
E       sqlalchemy.exc.OperationalError: (sqlite3.OperationalError) index ix_factor_group_id already exists
E       [SQL: CREATE INDEX ix_factor_group_id ON factor (group_id)]
E       (Background on this error at: https://sqlalche.me/e/20/e3q8)

C:\Users\Scott\AppData\Roaming\Python\Python313\site-packages\sqlalchemy\engine\default.py:951: OperationalError
_____________________ ERROR at setup of test_top_factors ______________________

self = <sqlalchemy.engine.base.Connection object at 0x0000020C99228EC0>
dialect = <sqlalchemy.dialects.sqlite.pysqlite.SQLiteDialect_pysqlite object at 0x0000020C9913BA10>
context = <sqlalchemy.dialects.sqlite.base.SQLiteExecutionContext object at 0x0000020C99173070>
statement = <sqlalchemy.dialects.sqlite.base.SQLiteDDLCompiler object at 0x0000020C991179B0>
parameters = [()]

    def _exec_single_context(
        self,
        dialect: Dialect,
        context: ExecutionContext,
        statement: Union[str, Compiled],
        parameters: Optional[_AnyMultiExecuteParams],
    ) -> CursorResult[Any]:
        """continue the _execute_context() method for a single DBAPI
        cursor.execute() or cursor.executemany() call.
    
        """
        if dialect.bind_typing is BindTyping.SETINPUTSIZES:
            generic_setinputsizes = context._prepare_set_input_sizes()
    
            if generic_setinputsizes:
                try:
                    dialect.do_set_input_sizes(
                        context.cursor, generic_setinputsizes, context
                    )
                except BaseException as e:
                    self._handle_dbapi_exception(
                        e, str(statement), parameters, None, context
                    )
    
        cursor, str_statement, parameters = (
            context.cursor,
            context.statement,
            context.parameters,
        )
    
        effective_parameters: Optional[_AnyExecuteParams]
    
        if not context.executemany:
            effective_parameters = parameters[0]
        else:
            effective_parameters = parameters
    
        if self._has_events or self.engine._has_events:
            for fn in self.dispatch.before_cursor_execute:
                str_statement, effective_parameters = fn(
                    self,
                    cursor,
                    str_statement,
                    effective_parameters,
                    context,
                    context.executemany,
                )
    
        if self._echo:
            self._log_info(str_statement)
    
            stats = context._get_cache_stats()
    
            if not self.engine.hide_parameters:
                self._log_info(
                    "[%s] %r",
                    stats,
                    sql_util._repr_params(
                        effective_parameters,
                        batches=10,
                        ismulti=context.executemany,
                    ),
                )
            else:
                self._log_info(
                    "[%s] [SQL parameters hidden due to hide_parameters=True]",
                    stats,
                )
    
        evt_handled: bool = False
        try:
            if context.execute_style is ExecuteStyle.EXECUTEMANY:
                effective_parameters = cast(
                    "_CoreMultiExecuteParams", effective_parameters
                )
                if self.dialect._has_events:
                    for fn in self.dialect.dispatch.do_executemany:
                        if fn(
                            cursor,
                            str_statement,
                            effective_parameters,
                            context,
                        ):
                            evt_handled = True
                            break
                if not evt_handled:
                    self.dialect.do_executemany(
                        cursor,
                        str_statement,
                        effective_parameters,
                        context,
                    )
            elif not effective_parameters and context.no_parameters:
                if self.dialect._has_events:
                    for fn in self.dialect.dispatch.do_execute_no_params:
                        if fn(cursor, str_statement, context):
                            evt_handled = True
                            break
                if not evt_handled:
                    self.dialect.do_execute_no_params(
                        cursor, str_statement, context
                    )
            else:
                effective_parameters = cast(
                    "_CoreSingleExecuteParams", effective_parameters
                )
                if self.dialect._has_events:
                    for fn in self.dialect.dispatch.do_execute:
                        if fn(
                            cursor,
                            str_statement,
                            effective_parameters,
                            context,
                        ):
                            evt_handled = True
                            break
                if not evt_handled:
>                   self.dialect.do_execute(
                        cursor, str_statement, effective_parameters, context
                    )

C:\Users\Scott\AppData\Roaming\Python\Python313\site-packages\sqlalchemy\engine\base.py:1967: 
_ _ _ _ _ _ _ _ _ _ _ _ _ _ _ _ _ _ _ _ _ _ _ _ _ _ _ _ _ _ _ _ _ _ _ _ _ _ _ _

self = <sqlalchemy.dialects.sqlite.pysqlite.SQLiteDialect_pysqlite object at 0x0000020C9913BA10>
cursor = <sqlite3.Cursor object at 0x0000020C9924A140>
statement = 'CREATE INDEX ix_factor_group_id ON factor (group_id)'
parameters = ()
context = <sqlalchemy.dialects.sqlite.base.SQLiteExecutionContext object at 0x0000020C99173070>

    def do_execute(self, cursor, statement, parameters, context=None):
>       cursor.execute(statement, parameters)
E       sqlite3.OperationalError: index ix_factor_group_id already exists

C:\Users\Scott\AppData\Roaming\Python\Python313\site-packages\sqlalchemy\engine\default.py:951: OperationalError

The above exception was the direct cause of the following exception:

    @pytest.fixture(scope="session")
    def db_engine():
        """Create engine once for the session"""
        engine = create_engine(
            SQLALCHEMY_TEST_DATABASE_URL,
            connect_args={"check_same_thread": False},
            poolclass=StaticPool,
        )
>       Base.metadata.create_all(bind=engine)

tests\conftest.py:27: 
_ _ _ _ _ _ _ _ _ _ _ _ _ _ _ _ _ _ _ _ _ _ _ _ _ _ _ _ _ _ _ _ _ _ _ _ _ _ _ _
C:\Users\Scott\AppData\Roaming\Python\Python313\site-packages\sqlalchemy\sql\schema.py:5928: in create_all
    bind._run_ddl_visitor(
C:\Users\Scott\AppData\Roaming\Python\Python313\site-packages\sqlalchemy\engine\base.py:3252: in _run_ddl_visitor
    conn._run_ddl_visitor(visitorcallable, element, **kwargs)
C:\Users\Scott\AppData\Roaming\Python\Python313\site-packages\sqlalchemy\engine\base.py:2459: in _run_ddl_visitor
    ).traverse_single(element)
      ^^^^^^^^^^^^^^^^^^^^^^^^
C:\Users\Scott\AppData\Roaming\Python\Python313\site-packages\sqlalchemy\sql\visitors.py:661: in traverse_single
    return meth(obj, **kw)
           ^^^^^^^^^^^^^^^
C:\Users\Scott\AppData\Roaming\Python\Python313\site-packages\sqlalchemy\sql\ddl.py:984: in visit_metadata
    self.traverse_single(
C:\Users\Scott\AppData\Roaming\Python\Python313\site-packages\sqlalchemy\sql\visitors.py:661: in traverse_single
    return meth(obj, **kw)
           ^^^^^^^^^^^^^^^
C:\Users\Scott\AppData\Roaming\Python\Python313\site-packages\sqlalchemy\sql\ddl.py:1026: in visit_table
    self.traverse_single(index, create_ok=True)
C:\Users\Scott\AppData\Roaming\Python\Python313\site-packages\sqlalchemy\sql\visitors.py:661: in traverse_single
    return meth(obj, **kw)
           ^^^^^^^^^^^^^^^
C:\Users\Scott\AppData\Roaming\Python\Python313\site-packages\sqlalchemy\sql\ddl.py:1063: in visit_index
    CreateIndex(index)._invoke_with(self.connection)
C:\Users\Scott\AppData\Roaming\Python\Python313\site-packages\sqlalchemy\sql\ddl.py:321: in _invoke_with
    return bind.execute(self)
           ^^^^^^^^^^^^^^^^^^
C:\Users\Scott\AppData\Roaming\Python\Python313\site-packages\sqlalchemy\engine\base.py:1419: in execute
    return meth(
C:\Users\Scott\AppData\Roaming\Python\Python313\site-packages\sqlalchemy\sql\ddl.py:187: in _execute_on_connection
    return connection._execute_ddl(
C:\Users\Scott\AppData\Roaming\Python\Python313\site-packages\sqlalchemy\engine\base.py:1530: in _execute_ddl
    ret = self._execute_context(
C:\Users\Scott\AppData\Roaming\Python\Python313\site-packages\sqlalchemy\engine\base.py:1846: in _execute_context
    return self._exec_single_context(
C:\Users\Scott\AppData\Roaming\Python\Python313\site-packages\sqlalchemy\engine\base.py:1986: in _exec_single_context
    self._handle_dbapi_exception(
C:\Users\Scott\AppData\Roaming\Python\Python313\site-packages\sqlalchemy\engine\base.py:2355: in _handle_dbapi_exception
    raise sqlalchemy_exception.with_traceback(exc_info[2]) from e
C:\Users\Scott\AppData\Roaming\Python\Python313\site-packages\sqlalchemy\engine\base.py:1967: in _exec_single_context
    self.dialect.do_execute(
_ _ _ _ _ _ _ _ _ _ _ _ _ _ _ _ _ _ _ _ _ _ _ _ _ _ _ _ _ _ _ _ _ _ _ _ _ _ _ _

self = <sqlalchemy.dialects.sqlite.pysqlite.SQLiteDialect_pysqlite object at 0x0000020C9913BA10>
cursor = <sqlite3.Cursor object at 0x0000020C9924A140>
statement = 'CREATE INDEX ix_factor_group_id ON factor (group_id)'
parameters = ()
context = <sqlalchemy.dialects.sqlite.base.SQLiteExecutionContext object at 0x0000020C99173070>

    def do_execute(self, cursor, statement, parameters, context=None):
>       cursor.execute(statement, parameters)
E       sqlalchemy.exc.OperationalError: (sqlite3.OperationalError) index ix_factor_group_id already exists
E       [SQL: CREATE INDEX ix_factor_group_id ON factor (group_id)]
E       (Background on this error at: https://sqlalche.me/e/20/e3q8)

C:\Users\Scott\AppData\Roaming\Python\Python313\site-packages\sqlalchemy\engine\default.py:951: OperationalError
_____________________ ERROR at setup of test_health_check _____________________

self = <sqlalchemy.engine.base.Connection object at 0x0000020C99228EC0>
dialect = <sqlalchemy.dialects.sqlite.pysqlite.SQLiteDialect_pysqlite object at 0x0000020C9913BA10>
context = <sqlalchemy.dialects.sqlite.base.SQLiteExecutionContext object at 0x0000020C99173070>
statement = <sqlalchemy.dialects.sqlite.base.SQLiteDDLCompiler object at 0x0000020C991179B0>
parameters = [()]

    def _exec_single_context(
        self,
        dialect: Dialect,
        context: ExecutionContext,
        statement: Union[str, Compiled],
        parameters: Optional[_AnyMultiExecuteParams],
    ) -> CursorResult[Any]:
        """continue the _execute_context() method for a single DBAPI
        cursor.execute() or cursor.executemany() call.
    
        """
        if dialect.bind_typing is BindTyping.SETINPUTSIZES:
            generic_setinputsizes = context._prepare_set_input_sizes()
    
            if generic_setinputsizes:
                try:
                    dialect.do_set_input_sizes(
                        context.cursor, generic_setinputsizes, context
                    )
                except BaseException as e:
                    self._handle_dbapi_exception(
                        e, str(statement), parameters, None, context
                    )
    
        cursor, str_statement, parameters = (
            context.cursor,
            context.statement,
            context.parameters,
        )
    
        effective_parameters: Optional[_AnyExecuteParams]
    
        if not context.executemany:
            effective_parameters = parameters[0]
        else:
            effective_parameters = parameters
    
        if self._has_events or self.engine._has_events:
            for fn in self.dispatch.before_cursor_execute:
                str_statement, effective_parameters = fn(
                    self,
                    cursor,
                    str_statement,
                    effective_parameters,
                    context,
                    context.executemany,
                )
    
        if self._echo:
            self._log_info(str_statement)
    
            stats = context._get_cache_stats()
    
            if not self.engine.hide_parameters:
                self._log_info(
                    "[%s] %r",
                    stats,
                    sql_util._repr_params(
                        effective_parameters,
                        batches=10,
                        ismulti=context.executemany,
                    ),
                )
            else:
                self._log_info(
                    "[%s] [SQL parameters hidden due to hide_parameters=True]",
                    stats,
                )
    
        evt_handled: bool = False
        try:
            if context.execute_style is ExecuteStyle.EXECUTEMANY:
                effective_parameters = cast(
                    "_CoreMultiExecuteParams", effective_parameters
                )
                if self.dialect._has_events:
                    for fn in self.dialect.dispatch.do_executemany:
                        if fn(
                            cursor,
                            str_statement,
                            effective_parameters,
                            context,
                        ):
                            evt_handled = True
                            break
                if not evt_handled:
                    self.dialect.do_executemany(
                        cursor,
                        str_statement,
                        effective_parameters,
                        context,
                    )
            elif not effective_parameters and context.no_parameters:
                if self.dialect._has_events:
                    for fn in self.dialect.dispatch.do_execute_no_params:
                        if fn(cursor, str_statement, context):
                            evt_handled = True
                            break
                if not evt_handled:
                    self.dialect.do_execute_no_params(
                        cursor, str_statement, context
                    )
            else:
                effective_parameters = cast(
                    "_CoreSingleExecuteParams", effective_parameters
                )
                if self.dialect._has_events:
                    for fn in self.dialect.dispatch.do_execute:
                        if fn(
                            cursor,
                            str_statement,
                            effective_parameters,
                            context,
                        ):
                            evt_handled = True
                            break
                if not evt_handled:
>                   self.dialect.do_execute(
                        cursor, str_statement, effective_parameters, context
                    )

C:\Users\Scott\AppData\Roaming\Python\Python313\site-packages\sqlalchemy\engine\base.py:1967: 
_ _ _ _ _ _ _ _ _ _ _ _ _ _ _ _ _ _ _ _ _ _ _ _ _ _ _ _ _ _ _ _ _ _ _ _ _ _ _ _

self = <sqlalchemy.dialects.sqlite.pysqlite.SQLiteDialect_pysqlite object at 0x0000020C9913BA10>
cursor = <sqlite3.Cursor object at 0x0000020C9924A140>
statement = 'CREATE INDEX ix_factor_group_id ON factor (group_id)'
parameters = ()
context = <sqlalchemy.dialects.sqlite.base.SQLiteExecutionContext object at 0x0000020C99173070>

    def do_execute(self, cursor, statement, parameters, context=None):
>       cursor.execute(statement, parameters)
E       sqlite3.OperationalError: index ix_factor_group_id already exists

C:\Users\Scott\AppData\Roaming\Python\Python313\site-packages\sqlalchemy\engine\default.py:951: OperationalError

The above exception was the direct cause of the following exception:

    @pytest.fixture(scope="session")
    def db_engine():
        """Create engine once for the session"""
        engine = create_engine(
            SQLALCHEMY_TEST_DATABASE_URL,
            connect_args={"check_same_thread": False},
            poolclass=StaticPool,
        )
>       Base.metadata.create_all(bind=engine)

tests\conftest.py:27: 
_ _ _ _ _ _ _ _ _ _ _ _ _ _ _ _ _ _ _ _ _ _ _ _ _ _ _ _ _ _ _ _ _ _ _ _ _ _ _ _
C:\Users\Scott\AppData\Roaming\Python\Python313\site-packages\sqlalchemy\sql\schema.py:5928: in create_all
    bind._run_ddl_visitor(
C:\Users\Scott\AppData\Roaming\Python\Python313\site-packages\sqlalchemy\engine\base.py:3252: in _run_ddl_visitor
    conn._run_ddl_visitor(visitorcallable, element, **kwargs)
C:\Users\Scott\AppData\Roaming\Python\Python313\site-packages\sqlalchemy\engine\base.py:2459: in _run_ddl_visitor
    ).traverse_single(element)
      ^^^^^^^^^^^^^^^^^^^^^^^^
C:\Users\Scott\AppData\Roaming\Python\Python313\site-packages\sqlalchemy\sql\visitors.py:661: in traverse_single
    return meth(obj, **kw)
           ^^^^^^^^^^^^^^^
C:\Users\Scott\AppData\Roaming\Python\Python313\site-packages\sqlalchemy\sql\ddl.py:984: in visit_metadata
    self.traverse_single(
C:\Users\Scott\AppData\Roaming\Python\Python313\site-packages\sqlalchemy\sql\visitors.py:661: in traverse_single
    return meth(obj, **kw)
           ^^^^^^^^^^^^^^^
C:\Users\Scott\AppData\Roaming\Python\Python313\site-packages\sqlalchemy\sql\ddl.py:1026: in visit_table
    self.traverse_single(index, create_ok=True)
C:\Users\Scott\AppData\Roaming\Python\Python313\site-packages\sqlalchemy\sql\visitors.py:661: in traverse_single
    return meth(obj, **kw)
           ^^^^^^^^^^^^^^^
C:\Users\Scott\AppData\Roaming\Python\Python313\site-packages\sqlalchemy\sql\ddl.py:1063: in visit_index
    CreateIndex(index)._invoke_with(self.connection)
C:\Users\Scott\AppData\Roaming\Python\Python313\site-packages\sqlalchemy\sql\ddl.py:321: in _invoke_with
    return bind.execute(self)
           ^^^^^^^^^^^^^^^^^^
C:\Users\Scott\AppData\Roaming\Python\Python313\site-packages\sqlalchemy\engine\base.py:1419: in execute
    return meth(
C:\Users\Scott\AppData\Roaming\Python\Python313\site-packages\sqlalchemy\sql\ddl.py:187: in _execute_on_connection
    return connection._execute_ddl(
C:\Users\Scott\AppData\Roaming\Python\Python313\site-packages\sqlalchemy\engine\base.py:1530: in _execute_ddl
    ret = self._execute_context(
C:\Users\Scott\AppData\Roaming\Python\Python313\site-packages\sqlalchemy\engine\base.py:1846: in _execute_context
    return self._exec_single_context(
C:\Users\Scott\AppData\Roaming\Python\Python313\site-packages\sqlalchemy\engine\base.py:1986: in _exec_single_context
    self._handle_dbapi_exception(
C:\Users\Scott\AppData\Roaming\Python\Python313\site-packages\sqlalchemy\engine\base.py:2355: in _handle_dbapi_exception
    raise sqlalchemy_exception.with_traceback(exc_info[2]) from e
C:\Users\Scott\AppData\Roaming\Python\Python313\site-packages\sqlalchemy\engine\base.py:1967: in _exec_single_context
    self.dialect.do_execute(
_ _ _ _ _ _ _ _ _ _ _ _ _ _ _ _ _ _ _ _ _ _ _ _ _ _ _ _ _ _ _ _ _ _ _ _ _ _ _ _

self = <sqlalchemy.dialects.sqlite.pysqlite.SQLiteDialect_pysqlite object at 0x0000020C9913BA10>
cursor = <sqlite3.Cursor object at 0x0000020C9924A140>
statement = 'CREATE INDEX ix_factor_group_id ON factor (group_id)'
parameters = ()
context = <sqlalchemy.dialects.sqlite.base.SQLiteExecutionContext object at 0x0000020C99173070>

    def do_execute(self, cursor, statement, parameters, context=None):
>       cursor.execute(statement, parameters)
E       sqlalchemy.exc.OperationalError: (sqlite3.OperationalError) index ix_factor_group_id already exists
E       [SQL: CREATE INDEX ix_factor_group_id ON factor (group_id)]
E       (Background on this error at: https://sqlalche.me/e/20/e3q8)

C:\Users\Scott\AppData\Roaming\Python\Python313\site-packages\sqlalchemy\engine\default.py:951: OperationalError
__________________ ERROR at setup of test_list_factors_empty __________________

self = <sqlalchemy.engine.base.Connection object at 0x0000020C99228EC0>
dialect = <sqlalchemy.dialects.sqlite.pysqlite.SQLiteDialect_pysqlite object at 0x0000020C9913BA10>
context = <sqlalchemy.dialects.sqlite.base.SQLiteExecutionContext object at 0x0000020C99173070>
statement = <sqlalchemy.dialects.sqlite.base.SQLiteDDLCompiler object at 0x0000020C991179B0>
parameters = [()]

    def _exec_single_context(
        self,
        dialect: Dialect,
        context: ExecutionContext,
        statement: Union[str, Compiled],
        parameters: Optional[_AnyMultiExecuteParams],
    ) -> CursorResult[Any]:
        """continue the _execute_context() method for a single DBAPI
        cursor.execute() or cursor.executemany() call.
    
        """
        if dialect.bind_typing is BindTyping.SETINPUTSIZES:
            generic_setinputsizes = context._prepare_set_input_sizes()
    
            if generic_setinputsizes:
                try:
                    dialect.do_set_input_sizes(
                        context.cursor, generic_setinputsizes, context
                    )
                except BaseException as e:
                    self._handle_dbapi_exception(
                        e, str(statement), parameters, None, context
                    )
    
        cursor, str_statement, parameters = (
            context.cursor,
            context.statement,
            context.parameters,
        )
    
        effective_parameters: Optional[_AnyExecuteParams]
    
        if not context.executemany:
            effective_parameters = parameters[0]
        else:
            effective_parameters = parameters
    
        if self._has_events or self.engine._has_events:
            for fn in self.dispatch.before_cursor_execute:
                str_statement, effective_parameters = fn(
                    self,
                    cursor,
                    str_statement,
                    effective_parameters,
                    context,
                    context.executemany,
                )
    
        if self._echo:
            self._log_info(str_statement)
    
            stats = context._get_cache_stats()
    
            if not self.engine.hide_parameters:
                self._log_info(
                    "[%s] %r",
                    stats,
                    sql_util._repr_params(
                        effective_parameters,
                        batches=10,
                        ismulti=context.executemany,
                    ),
                )
            else:
                self._log_info(
                    "[%s] [SQL parameters hidden due to hide_parameters=True]",
                    stats,
                )
    
        evt_handled: bool = False
        try:
            if context.execute_style is ExecuteStyle.EXECUTEMANY:
                effective_parameters = cast(
                    "_CoreMultiExecuteParams", effective_parameters
                )
                if self.dialect._has_events:
                    for fn in self.dialect.dispatch.do_executemany:
                        if fn(
                            cursor,
                            str_statement,
                            effective_parameters,
                            context,
                        ):
                            evt_handled = True
                            break
                if not evt_handled:
                    self.dialect.do_executemany(
                        cursor,
                        str_statement,
                        effective_parameters,
                        context,
                    )
            elif not effective_parameters and context.no_parameters:
                if self.dialect._has_events:
                    for fn in self.dialect.dispatch.do_execute_no_params:
                        if fn(cursor, str_statement, context):
                            evt_handled = True
                            break
                if not evt_handled:
                    self.dialect.do_execute_no_params(
                        cursor, str_statement, context
                    )
            else:
                effective_parameters = cast(
                    "_CoreSingleExecuteParams", effective_parameters
                )
                if self.dialect._has_events:
                    for fn in self.dialect.dispatch.do_execute:
                        if fn(
                            cursor,
                            str_statement,
                            effective_parameters,
                            context,
                        ):
                            evt_handled = True
                            break
                if not evt_handled:
>                   self.dialect.do_execute(
                        cursor, str_statement, effective_parameters, context
                    )

C:\Users\Scott\AppData\Roaming\Python\Python313\site-packages\sqlalchemy\engine\base.py:1967: 
_ _ _ _ _ _ _ _ _ _ _ _ _ _ _ _ _ _ _ _ _ _ _ _ _ _ _ _ _ _ _ _ _ _ _ _ _ _ _ _

self = <sqlalchemy.dialects.sqlite.pysqlite.SQLiteDialect_pysqlite object at 0x0000020C9913BA10>
cursor = <sqlite3.Cursor object at 0x0000020C9924A140>
statement = 'CREATE INDEX ix_factor_group_id ON factor (group_id)'
parameters = ()
context = <sqlalchemy.dialects.sqlite.base.SQLiteExecutionContext object at 0x0000020C99173070>

    def do_execute(self, cursor, statement, parameters, context=None):
>       cursor.execute(statement, parameters)
E       sqlite3.OperationalError: index ix_factor_group_id already exists

C:\Users\Scott\AppData\Roaming\Python\Python313\site-packages\sqlalchemy\engine\default.py:951: OperationalError

The above exception was the direct cause of the following exception:

    @pytest.fixture(scope="session")
    def db_engine():
        """Create engine once for the session"""
        engine = create_engine(
            SQLALCHEMY_TEST_DATABASE_URL,
            connect_args={"check_same_thread": False},
            poolclass=StaticPool,
        )
>       Base.metadata.create_all(bind=engine)

tests\conftest.py:27: 
_ _ _ _ _ _ _ _ _ _ _ _ _ _ _ _ _ _ _ _ _ _ _ _ _ _ _ _ _ _ _ _ _ _ _ _ _ _ _ _
C:\Users\Scott\AppData\Roaming\Python\Python313\site-packages\sqlalchemy\sql\schema.py:5928: in create_all
    bind._run_ddl_visitor(
C:\Users\Scott\AppData\Roaming\Python\Python313\site-packages\sqlalchemy\engine\base.py:3252: in _run_ddl_visitor
    conn._run_ddl_visitor(visitorcallable, element, **kwargs)
C:\Users\Scott\AppData\Roaming\Python\Python313\site-packages\sqlalchemy\engine\base.py:2459: in _run_ddl_visitor
    ).traverse_single(element)
      ^^^^^^^^^^^^^^^^^^^^^^^^
C:\Users\Scott\AppData\Roaming\Python\Python313\site-packages\sqlalchemy\sql\visitors.py:661: in traverse_single
    return meth(obj, **kw)
           ^^^^^^^^^^^^^^^
C:\Users\Scott\AppData\Roaming\Python\Python313\site-packages\sqlalchemy\sql\ddl.py:984: in visit_metadata
    self.traverse_single(
C:\Users\Scott\AppData\Roaming\Python\Python313\site-packages\sqlalchemy\sql\visitors.py:661: in traverse_single
    return meth(obj, **kw)
           ^^^^^^^^^^^^^^^
C:\Users\Scott\AppData\Roaming\Python\Python313\site-packages\sqlalchemy\sql\ddl.py:1026: in visit_table
    self.traverse_single(index, create_ok=True)
C:\Users\Scott\AppData\Roaming\Python\Python313\site-packages\sqlalchemy\sql\visitors.py:661: in traverse_single
    return meth(obj, **kw)
           ^^^^^^^^^^^^^^^
C:\Users\Scott\AppData\Roaming\Python\Python313\site-packages\sqlalchemy\sql\ddl.py:1063: in visit_index
    CreateIndex(index)._invoke_with(self.connection)
C:\Users\Scott\AppData\Roaming\Python\Python313\site-packages\sqlalchemy\sql\ddl.py:321: in _invoke_with
    return bind.execute(self)
           ^^^^^^^^^^^^^^^^^^
C:\Users\Scott\AppData\Roaming\Python\Python313\site-packages\sqlalchemy\engine\base.py:1419: in execute
    return meth(
C:\Users\Scott\AppData\Roaming\Python\Python313\site-packages\sqlalchemy\sql\ddl.py:187: in _execute_on_connection
    return connection._execute_ddl(
C:\Users\Scott\AppData\Roaming\Python\Python313\site-packages\sqlalchemy\engine\base.py:1530: in _execute_ddl
    ret = self._execute_context(
C:\Users\Scott\AppData\Roaming\Python\Python313\site-packages\sqlalchemy\engine\base.py:1846: in _execute_context
    return self._exec_single_context(
C:\Users\Scott\AppData\Roaming\Python\Python313\site-packages\sqlalchemy\engine\base.py:1986: in _exec_single_context
    self._handle_dbapi_exception(
C:\Users\Scott\AppData\Roaming\Python\Python313\site-packages\sqlalchemy\engine\base.py:2355: in _handle_dbapi_exception
    raise sqlalchemy_exception.with_traceback(exc_info[2]) from e
C:\Users\Scott\AppData\Roaming\Python\Python313\site-packages\sqlalchemy\engine\base.py:1967: in _exec_single_context
    self.dialect.do_execute(
_ _ _ _ _ _ _ _ _ _ _ _ _ _ _ _ _ _ _ _ _ _ _ _ _ _ _ _ _ _ _ _ _ _ _ _ _ _ _ _

self = <sqlalchemy.dialects.sqlite.pysqlite.SQLiteDialect_pysqlite object at 0x0000020C9913BA10>
cursor = <sqlite3.Cursor object at 0x0000020C9924A140>
statement = 'CREATE INDEX ix_factor_group_id ON factor (group_id)'
parameters = ()
context = <sqlalchemy.dialects.sqlite.base.SQLiteExecutionContext object at 0x0000020C99173070>

    def do_execute(self, cursor, statement, parameters, context=None):
>       cursor.execute(statement, parameters)
E       sqlalchemy.exc.OperationalError: (sqlite3.OperationalError) index ix_factor_group_id already exists
E       [SQL: CREATE INDEX ix_factor_group_id ON factor (group_id)]
E       (Background on this error at: https://sqlalche.me/e/20/e3q8)

C:\Users\Scott\AppData\Roaming\Python\Python313\site-packages\sqlalchemy\engine\default.py:951: OperationalError
_____________________ ERROR at setup of test_list_factors _____________________

self = <sqlalchemy.engine.base.Connection object at 0x0000020C99228EC0>
dialect = <sqlalchemy.dialects.sqlite.pysqlite.SQLiteDialect_pysqlite object at 0x0000020C9913BA10>
context = <sqlalchemy.dialects.sqlite.base.SQLiteExecutionContext object at 0x0000020C99173070>
statement = <sqlalchemy.dialects.sqlite.base.SQLiteDDLCompiler object at 0x0000020C991179B0>
parameters = [()]

    def _exec_single_context(
        self,
        dialect: Dialect,
        context: ExecutionContext,
        statement: Union[str, Compiled],
        parameters: Optional[_AnyMultiExecuteParams],
    ) -> CursorResult[Any]:
        """continue the _execute_context() method for a single DBAPI
        cursor.execute() or cursor.executemany() call.
    
        """
        if dialect.bind_typing is BindTyping.SETINPUTSIZES:
            generic_setinputsizes = context._prepare_set_input_sizes()
    
            if generic_setinputsizes:
                try:
                    dialect.do_set_input_sizes(
                        context.cursor, generic_setinputsizes, context
                    )
                except BaseException as e:
                    self._handle_dbapi_exception(
                        e, str(statement), parameters, None, context
                    )
    
        cursor, str_statement, parameters = (
            context.cursor,
            context.statement,
            context.parameters,
        )
    
        effective_parameters: Optional[_AnyExecuteParams]
    
        if not context.executemany:
            effective_parameters = parameters[0]
        else:
            effective_parameters = parameters
    
        if self._has_events or self.engine._has_events:
            for fn in self.dispatch.before_cursor_execute:
                str_statement, effective_parameters = fn(
                    self,
                    cursor,
                    str_statement,
                    effective_parameters,
                    context,
                    context.executemany,
                )
    
        if self._echo:
            self._log_info(str_statement)
    
            stats = context._get_cache_stats()
    
            if not self.engine.hide_parameters:
                self._log_info(
                    "[%s] %r",
                    stats,
                    sql_util._repr_params(
                        effective_parameters,
                        batches=10,
                        ismulti=context.executemany,
                    ),
                )
            else:
                self._log_info(
                    "[%s] [SQL parameters hidden due to hide_parameters=True]",
                    stats,
                )
    
        evt_handled: bool = False
        try:
            if context.execute_style is ExecuteStyle.EXECUTEMANY:
                effective_parameters = cast(
                    "_CoreMultiExecuteParams", effective_parameters
                )
                if self.dialect._has_events:
                    for fn in self.dialect.dispatch.do_executemany:
                        if fn(
                            cursor,
                            str_statement,
                            effective_parameters,
                            context,
                        ):
                            evt_handled = True
                            break
                if not evt_handled:
                    self.dialect.do_executemany(
                        cursor,
                        str_statement,
                        effective_parameters,
                        context,
                    )
            elif not effective_parameters and context.no_parameters:
                if self.dialect._has_events:
                    for fn in self.dialect.dispatch.do_execute_no_params:
                        if fn(cursor, str_statement, context):
                            evt_handled = True
                            break
                if not evt_handled:
                    self.dialect.do_execute_no_params(
                        cursor, str_statement, context
                    )
            else:
                effective_parameters = cast(
                    "_CoreSingleExecuteParams", effective_parameters
                )
                if self.dialect._has_events:
                    for fn in self.dialect.dispatch.do_execute:
                        if fn(
                            cursor,
                            str_statement,
                            effective_parameters,
                            context,
                        ):
                            evt_handled = True
                            break
                if not evt_handled:
>                   self.dialect.do_execute(
                        cursor, str_statement, effective_parameters, context
                    )

C:\Users\Scott\AppData\Roaming\Python\Python313\site-packages\sqlalchemy\engine\base.py:1967: 
_ _ _ _ _ _ _ _ _ _ _ _ _ _ _ _ _ _ _ _ _ _ _ _ _ _ _ _ _ _ _ _ _ _ _ _ _ _ _ _

self = <sqlalchemy.dialects.sqlite.pysqlite.SQLiteDialect_pysqlite object at 0x0000020C9913BA10>
cursor = <sqlite3.Cursor object at 0x0000020C9924A140>
statement = 'CREATE INDEX ix_factor_group_id ON factor (group_id)'
parameters = ()
context = <sqlalchemy.dialects.sqlite.base.SQLiteExecutionContext object at 0x0000020C99173070>

    def do_execute(self, cursor, statement, parameters, context=None):
>       cursor.execute(statement, parameters)
E       sqlite3.OperationalError: index ix_factor_group_id already exists

C:\Users\Scott\AppData\Roaming\Python\Python313\site-packages\sqlalchemy\engine\default.py:951: OperationalError

The above exception was the direct cause of the following exception:

    @pytest.fixture(scope="session")
    def db_engine():
        """Create engine once for the session"""
        engine = create_engine(
            SQLALCHEMY_TEST_DATABASE_URL,
            connect_args={"check_same_thread": False},
            poolclass=StaticPool,
        )
>       Base.metadata.create_all(bind=engine)

tests\conftest.py:27: 
_ _ _ _ _ _ _ _ _ _ _ _ _ _ _ _ _ _ _ _ _ _ _ _ _ _ _ _ _ _ _ _ _ _ _ _ _ _ _ _
C:\Users\Scott\AppData\Roaming\Python\Python313\site-packages\sqlalchemy\sql\schema.py:5928: in create_all
    bind._run_ddl_visitor(
C:\Users\Scott\AppData\Roaming\Python\Python313\site-packages\sqlalchemy\engine\base.py:3252: in _run_ddl_visitor
    conn._run_ddl_visitor(visitorcallable, element, **kwargs)
C:\Users\Scott\AppData\Roaming\Python\Python313\site-packages\sqlalchemy\engine\base.py:2459: in _run_ddl_visitor
    ).traverse_single(element)
      ^^^^^^^^^^^^^^^^^^^^^^^^
C:\Users\Scott\AppData\Roaming\Python\Python313\site-packages\sqlalchemy\sql\visitors.py:661: in traverse_single
    return meth(obj, **kw)
           ^^^^^^^^^^^^^^^
C:\Users\Scott\AppData\Roaming\Python\Python313\site-packages\sqlalchemy\sql\ddl.py:984: in visit_metadata
    self.traverse_single(
C:\Users\Scott\AppData\Roaming\Python\Python313\site-packages\sqlalchemy\sql\visitors.py:661: in traverse_single
    return meth(obj, **kw)
           ^^^^^^^^^^^^^^^
C:\Users\Scott\AppData\Roaming\Python\Python313\site-packages\sqlalchemy\sql\ddl.py:1026: in visit_table
    self.traverse_single(index, create_ok=True)
C:\Users\Scott\AppData\Roaming\Python\Python313\site-packages\sqlalchemy\sql\visitors.py:661: in traverse_single
    return meth(obj, **kw)
           ^^^^^^^^^^^^^^^
C:\Users\Scott\AppData\Roaming\Python\Python313\site-packages\sqlalchemy\sql\ddl.py:1063: in visit_index
    CreateIndex(index)._invoke_with(self.connection)
C:\Users\Scott\AppData\Roaming\Python\Python313\site-packages\sqlalchemy\sql\ddl.py:321: in _invoke_with
    return bind.execute(self)
           ^^^^^^^^^^^^^^^^^^
C:\Users\Scott\AppData\Roaming\Python\Python313\site-packages\sqlalchemy\engine\base.py:1419: in execute
    return meth(
C:\Users\Scott\AppData\Roaming\Python\Python313\site-packages\sqlalchemy\sql\ddl.py:187: in _execute_on_connection
    return connection._execute_ddl(
C:\Users\Scott\AppData\Roaming\Python\Python313\site-packages\sqlalchemy\engine\base.py:1530: in _execute_ddl
    ret = self._execute_context(
C:\Users\Scott\AppData\Roaming\Python\Python313\site-packages\sqlalchemy\engine\base.py:1846: in _execute_context
    return self._exec_single_context(
C:\Users\Scott\AppData\Roaming\Python\Python313\site-packages\sqlalchemy\engine\base.py:1986: in _exec_single_context
    self._handle_dbapi_exception(
C:\Users\Scott\AppData\Roaming\Python\Python313\site-packages\sqlalchemy\engine\base.py:2355: in _handle_dbapi_exception
    raise sqlalchemy_exception.with_traceback(exc_info[2]) from e
C:\Users\Scott\AppData\Roaming\Python\Python313\site-packages\sqlalchemy\engine\base.py:1967: in _exec_single_context
    self.dialect.do_execute(
_ _ _ _ _ _ _ _ _ _ _ _ _ _ _ _ _ _ _ _ _ _ _ _ _ _ _ _ _ _ _ _ _ _ _ _ _ _ _ _

self = <sqlalchemy.dialects.sqlite.pysqlite.SQLiteDialect_pysqlite object at 0x0000020C9913BA10>
cursor = <sqlite3.Cursor object at 0x0000020C9924A140>
statement = 'CREATE INDEX ix_factor_group_id ON factor (group_id)'
parameters = ()
context = <sqlalchemy.dialects.sqlite.base.SQLiteExecutionContext object at 0x0000020C99173070>

    def do_execute(self, cursor, statement, parameters, context=None):
>       cursor.execute(statement, parameters)
E       sqlalchemy.exc.OperationalError: (sqlite3.OperationalError) index ix_factor_group_id already exists
E       [SQL: CREATE INDEX ix_factor_group_id ON factor (group_id)]
E       (Background on this error at: https://sqlalche.me/e/20/e3q8)

C:\Users\Scott\AppData\Roaming\Python\Python313\site-packages\sqlalchemy\engine\default.py:951: OperationalError
___________________ ERROR at setup of test_get_factor_by_id ___________________

self = <sqlalchemy.engine.base.Connection object at 0x0000020C99228EC0>
dialect = <sqlalchemy.dialects.sqlite.pysqlite.SQLiteDialect_pysqlite object at 0x0000020C9913BA10>
context = <sqlalchemy.dialects.sqlite.base.SQLiteExecutionContext object at 0x0000020C99173070>
statement = <sqlalchemy.dialects.sqlite.base.SQLiteDDLCompiler object at 0x0000020C991179B0>
parameters = [()]

    def _exec_single_context(
        self,
        dialect: Dialect,
        context: ExecutionContext,
        statement: Union[str, Compiled],
        parameters: Optional[_AnyMultiExecuteParams],
    ) -> CursorResult[Any]:
        """continue the _execute_context() method for a single DBAPI
        cursor.execute() or cursor.executemany() call.
    
        """
        if dialect.bind_typing is BindTyping.SETINPUTSIZES:
            generic_setinputsizes = context._prepare_set_input_sizes()
    
            if generic_setinputsizes:
                try:
                    dialect.do_set_input_sizes(
                        context.cursor, generic_setinputsizes, context
                    )
                except BaseException as e:
                    self._handle_dbapi_exception(
                        e, str(statement), parameters, None, context
                    )
    
        cursor, str_statement, parameters = (
            context.cursor,
            context.statement,
            context.parameters,
        )
    
        effective_parameters: Optional[_AnyExecuteParams]
    
        if not context.executemany:
            effective_parameters = parameters[0]
        else:
            effective_parameters = parameters
    
        if self._has_events or self.engine._has_events:
            for fn in self.dispatch.before_cursor_execute:
                str_statement, effective_parameters = fn(
                    self,
                    cursor,
                    str_statement,
                    effective_parameters,
                    context,
                    context.executemany,
                )
    
        if self._echo:
            self._log_info(str_statement)
    
            stats = context._get_cache_stats()
    
            if not self.engine.hide_parameters:
                self._log_info(
                    "[%s] %r",
                    stats,
                    sql_util._repr_params(
                        effective_parameters,
                        batches=10,
                        ismulti=context.executemany,
                    ),
                )
            else:
                self._log_info(
                    "[%s] [SQL parameters hidden due to hide_parameters=True]",
                    stats,
                )
    
        evt_handled: bool = False
        try:
            if context.execute_style is ExecuteStyle.EXECUTEMANY:
                effective_parameters = cast(
                    "_CoreMultiExecuteParams", effective_parameters
                )
                if self.dialect._has_events:
                    for fn in self.dialect.dispatch.do_executemany:
                        if fn(
                            cursor,
                            str_statement,
                            effective_parameters,
                            context,
                        ):
                            evt_handled = True
                            break
                if not evt_handled:
                    self.dialect.do_executemany(
                        cursor,
                        str_statement,
                        effective_parameters,
                        context,
                    )
            elif not effective_parameters and context.no_parameters:
                if self.dialect._has_events:
                    for fn in self.dialect.dispatch.do_execute_no_params:
                        if fn(cursor, str_statement, context):
                            evt_handled = True
                            break
                if not evt_handled:
                    self.dialect.do_execute_no_params(
                        cursor, str_statement, context
                    )
            else:
                effective_parameters = cast(
                    "_CoreSingleExecuteParams", effective_parameters
                )
                if self.dialect._has_events:
                    for fn in self.dialect.dispatch.do_execute:
                        if fn(
                            cursor,
                            str_statement,
                            effective_parameters,
                            context,
                        ):
                            evt_handled = True
                            break
                if not evt_handled:
>                   self.dialect.do_execute(
                        cursor, str_statement, effective_parameters, context
                    )

C:\Users\Scott\AppData\Roaming\Python\Python313\site-packages\sqlalchemy\engine\base.py:1967: 
_ _ _ _ _ _ _ _ _ _ _ _ _ _ _ _ _ _ _ _ _ _ _ _ _ _ _ _ _ _ _ _ _ _ _ _ _ _ _ _

self = <sqlalchemy.dialects.sqlite.pysqlite.SQLiteDialect_pysqlite object at 0x0000020C9913BA10>
cursor = <sqlite3.Cursor object at 0x0000020C9924A140>
statement = 'CREATE INDEX ix_factor_group_id ON factor (group_id)'
parameters = ()
context = <sqlalchemy.dialects.sqlite.base.SQLiteExecutionContext object at 0x0000020C99173070>

    def do_execute(self, cursor, statement, parameters, context=None):
>       cursor.execute(statement, parameters)
E       sqlite3.OperationalError: index ix_factor_group_id already exists

C:\Users\Scott\AppData\Roaming\Python\Python313\site-packages\sqlalchemy\engine\default.py:951: OperationalError

The above exception was the direct cause of the following exception:

    @pytest.fixture(scope="session")
    def db_engine():
        """Create engine once for the session"""
        engine = create_engine(
            SQLALCHEMY_TEST_DATABASE_URL,
            connect_args={"check_same_thread": False},
            poolclass=StaticPool,
        )
>       Base.metadata.create_all(bind=engine)

tests\conftest.py:27: 
_ _ _ _ _ _ _ _ _ _ _ _ _ _ _ _ _ _ _ _ _ _ _ _ _ _ _ _ _ _ _ _ _ _ _ _ _ _ _ _
C:\Users\Scott\AppData\Roaming\Python\Python313\site-packages\sqlalchemy\sql\schema.py:5928: in create_all
    bind._run_ddl_visitor(
C:\Users\Scott\AppData\Roaming\Python\Python313\site-packages\sqlalchemy\engine\base.py:3252: in _run_ddl_visitor
    conn._run_ddl_visitor(visitorcallable, element, **kwargs)
C:\Users\Scott\AppData\Roaming\Python\Python313\site-packages\sqlalchemy\engine\base.py:2459: in _run_ddl_visitor
    ).traverse_single(element)
      ^^^^^^^^^^^^^^^^^^^^^^^^
C:\Users\Scott\AppData\Roaming\Python\Python313\site-packages\sqlalchemy\sql\visitors.py:661: in traverse_single
    return meth(obj, **kw)
           ^^^^^^^^^^^^^^^
C:\Users\Scott\AppData\Roaming\Python\Python313\site-packages\sqlalchemy\sql\ddl.py:984: in visit_metadata
    self.traverse_single(
C:\Users\Scott\AppData\Roaming\Python\Python313\site-packages\sqlalchemy\sql\visitors.py:661: in traverse_single
    return meth(obj, **kw)
           ^^^^^^^^^^^^^^^
C:\Users\Scott\AppData\Roaming\Python\Python313\site-packages\sqlalchemy\sql\ddl.py:1026: in visit_table
    self.traverse_single(index, create_ok=True)
C:\Users\Scott\AppData\Roaming\Python\Python313\site-packages\sqlalchemy\sql\visitors.py:661: in traverse_single
    return meth(obj, **kw)
           ^^^^^^^^^^^^^^^
C:\Users\Scott\AppData\Roaming\Python\Python313\site-packages\sqlalchemy\sql\ddl.py:1063: in visit_index
    CreateIndex(index)._invoke_with(self.connection)
C:\Users\Scott\AppData\Roaming\Python\Python313\site-packages\sqlalchemy\sql\ddl.py:321: in _invoke_with
    return bind.execute(self)
           ^^^^^^^^^^^^^^^^^^
C:\Users\Scott\AppData\Roaming\Python\Python313\site-packages\sqlalchemy\engine\base.py:1419: in execute
    return meth(
C:\Users\Scott\AppData\Roaming\Python\Python313\site-packages\sqlalchemy\sql\ddl.py:187: in _execute_on_connection
    return connection._execute_ddl(
C:\Users\Scott\AppData\Roaming\Python\Python313\site-packages\sqlalchemy\engine\base.py:1530: in _execute_ddl
    ret = self._execute_context(
C:\Users\Scott\AppData\Roaming\Python\Python313\site-packages\sqlalchemy\engine\base.py:1846: in _execute_context
    return self._exec_single_context(
C:\Users\Scott\AppData\Roaming\Python\Python313\site-packages\sqlalchemy\engine\base.py:1986: in _exec_single_context
    self._handle_dbapi_exception(
C:\Users\Scott\AppData\Roaming\Python\Python313\site-packages\sqlalchemy\engine\base.py:2355: in _handle_dbapi_exception
    raise sqlalchemy_exception.with_traceback(exc_info[2]) from e
C:\Users\Scott\AppData\Roaming\Python\Python313\site-packages\sqlalchemy\engine\base.py:1967: in _exec_single_context
    self.dialect.do_execute(
_ _ _ _ _ _ _ _ _ _ _ _ _ _ _ _ _ _ _ _ _ _ _ _ _ _ _ _ _ _ _ _ _ _ _ _ _ _ _ _

self = <sqlalchemy.dialects.sqlite.pysqlite.SQLiteDialect_pysqlite object at 0x0000020C9913BA10>
cursor = <sqlite3.Cursor object at 0x0000020C9924A140>
statement = 'CREATE INDEX ix_factor_group_id ON factor (group_id)'
parameters = ()
context = <sqlalchemy.dialects.sqlite.base.SQLiteExecutionContext object at 0x0000020C99173070>

    def do_execute(self, cursor, statement, parameters, context=None):
>       cursor.execute(statement, parameters)
E       sqlalchemy.exc.OperationalError: (sqlite3.OperationalError) index ix_factor_group_id already exists
E       [SQL: CREATE INDEX ix_factor_group_id ON factor (group_id)]
E       (Background on this error at: https://sqlalche.me/e/20/e3q8)

C:\Users\Scott\AppData\Roaming\Python\Python313\site-packages\sqlalchemy\engine\default.py:951: OperationalError
_________________ ERROR at setup of test_get_factor_not_found _________________

self = <sqlalchemy.engine.base.Connection object at 0x0000020C99228EC0>
dialect = <sqlalchemy.dialects.sqlite.pysqlite.SQLiteDialect_pysqlite object at 0x0000020C9913BA10>
context = <sqlalchemy.dialects.sqlite.base.SQLiteExecutionContext object at 0x0000020C99173070>
statement = <sqlalchemy.dialects.sqlite.base.SQLiteDDLCompiler object at 0x0000020C991179B0>
parameters = [()]

    def _exec_single_context(
        self,
        dialect: Dialect,
        context: ExecutionContext,
        statement: Union[str, Compiled],
        parameters: Optional[_AnyMultiExecuteParams],
    ) -> CursorResult[Any]:
        """continue the _execute_context() method for a single DBAPI
        cursor.execute() or cursor.executemany() call.
    
        """
        if dialect.bind_typing is BindTyping.SETINPUTSIZES:
            generic_setinputsizes = context._prepare_set_input_sizes()
    
            if generic_setinputsizes:
                try:
                    dialect.do_set_input_sizes(
                        context.cursor, generic_setinputsizes, context
                    )
                except BaseException as e:
                    self._handle_dbapi_exception(
                        e, str(statement), parameters, None, context
                    )
    
        cursor, str_statement, parameters = (
            context.cursor,
            context.statement,
            context.parameters,
        )
    
        effective_parameters: Optional[_AnyExecuteParams]
    
        if not context.executemany:
            effective_parameters = parameters[0]
        else:
            effective_parameters = parameters
    
        if self._has_events or self.engine._has_events:
            for fn in self.dispatch.before_cursor_execute:
                str_statement, effective_parameters = fn(
                    self,
                    cursor,
                    str_statement,
                    effective_parameters,
                    context,
                    context.executemany,
                )
    
        if self._echo:
            self._log_info(str_statement)
    
            stats = context._get_cache_stats()
    
            if not self.engine.hide_parameters:
                self._log_info(
                    "[%s] %r",
                    stats,
                    sql_util._repr_params(
                        effective_parameters,
                        batches=10,
                        ismulti=context.executemany,
                    ),
                )
            else:
                self._log_info(
                    "[%s] [SQL parameters hidden due to hide_parameters=True]",
                    stats,
                )
    
        evt_handled: bool = False
        try:
            if context.execute_style is ExecuteStyle.EXECUTEMANY:
                effective_parameters = cast(
                    "_CoreMultiExecuteParams", effective_parameters
                )
                if self.dialect._has_events:
                    for fn in self.dialect.dispatch.do_executemany:
                        if fn(
                            cursor,
                            str_statement,
                            effective_parameters,
                            context,
                        ):
                            evt_handled = True
                            break
                if not evt_handled:
                    self.dialect.do_executemany(
                        cursor,
                        str_statement,
                        effective_parameters,
                        context,
                    )
            elif not effective_parameters and context.no_parameters:
                if self.dialect._has_events:
                    for fn in self.dialect.dispatch.do_execute_no_params:
                        if fn(cursor, str_statement, context):
                            evt_handled = True
                            break
                if not evt_handled:
                    self.dialect.do_execute_no_params(
                        cursor, str_statement, context
                    )
            else:
                effective_parameters = cast(
                    "_CoreSingleExecuteParams", effective_parameters
                )
                if self.dialect._has_events:
                    for fn in self.dialect.dispatch.do_execute:
                        if fn(
                            cursor,
                            str_statement,
                            effective_parameters,
                            context,
                        ):
                            evt_handled = True
                            break
                if not evt_handled:
>                   self.dialect.do_execute(
                        cursor, str_statement, effective_parameters, context
                    )

C:\Users\Scott\AppData\Roaming\Python\Python313\site-packages\sqlalchemy\engine\base.py:1967: 
_ _ _ _ _ _ _ _ _ _ _ _ _ _ _ _ _ _ _ _ _ _ _ _ _ _ _ _ _ _ _ _ _ _ _ _ _ _ _ _

self = <sqlalchemy.dialects.sqlite.pysqlite.SQLiteDialect_pysqlite object at 0x0000020C9913BA10>
cursor = <sqlite3.Cursor object at 0x0000020C9924A140>
statement = 'CREATE INDEX ix_factor_group_id ON factor (group_id)'
parameters = ()
context = <sqlalchemy.dialects.sqlite.base.SQLiteExecutionContext object at 0x0000020C99173070>

    def do_execute(self, cursor, statement, parameters, context=None):
>       cursor.execute(statement, parameters)
E       sqlite3.OperationalError: index ix_factor_group_id already exists

C:\Users\Scott\AppData\Roaming\Python\Python313\site-packages\sqlalchemy\engine\default.py:951: OperationalError

The above exception was the direct cause of the following exception:

    @pytest.fixture(scope="session")
    def db_engine():
        """Create engine once for the session"""
        engine = create_engine(
            SQLALCHEMY_TEST_DATABASE_URL,
            connect_args={"check_same_thread": False},
            poolclass=StaticPool,
        )
>       Base.metadata.create_all(bind=engine)

tests\conftest.py:27: 
_ _ _ _ _ _ _ _ _ _ _ _ _ _ _ _ _ _ _ _ _ _ _ _ _ _ _ _ _ _ _ _ _ _ _ _ _ _ _ _
C:\Users\Scott\AppData\Roaming\Python\Python313\site-packages\sqlalchemy\sql\schema.py:5928: in create_all
    bind._run_ddl_visitor(
C:\Users\Scott\AppData\Roaming\Python\Python313\site-packages\sqlalchemy\engine\base.py:3252: in _run_ddl_visitor
    conn._run_ddl_visitor(visitorcallable, element, **kwargs)
C:\Users\Scott\AppData\Roaming\Python\Python313\site-packages\sqlalchemy\engine\base.py:2459: in _run_ddl_visitor
    ).traverse_single(element)
      ^^^^^^^^^^^^^^^^^^^^^^^^
C:\Users\Scott\AppData\Roaming\Python\Python313\site-packages\sqlalchemy\sql\visitors.py:661: in traverse_single
    return meth(obj, **kw)
           ^^^^^^^^^^^^^^^
C:\Users\Scott\AppData\Roaming\Python\Python313\site-packages\sqlalchemy\sql\ddl.py:984: in visit_metadata
    self.traverse_single(
C:\Users\Scott\AppData\Roaming\Python\Python313\site-packages\sqlalchemy\sql\visitors.py:661: in traverse_single
    return meth(obj, **kw)
           ^^^^^^^^^^^^^^^
C:\Users\Scott\AppData\Roaming\Python\Python313\site-packages\sqlalchemy\sql\ddl.py:1026: in visit_table
    self.traverse_single(index, create_ok=True)
C:\Users\Scott\AppData\Roaming\Python\Python313\site-packages\sqlalchemy\sql\visitors.py:661: in traverse_single
    return meth(obj, **kw)
           ^^^^^^^^^^^^^^^
C:\Users\Scott\AppData\Roaming\Python\Python313\site-packages\sqlalchemy\sql\ddl.py:1063: in visit_index
    CreateIndex(index)._invoke_with(self.connection)
C:\Users\Scott\AppData\Roaming\Python\Python313\site-packages\sqlalchemy\sql\ddl.py:321: in _invoke_with
    return bind.execute(self)
           ^^^^^^^^^^^^^^^^^^
C:\Users\Scott\AppData\Roaming\Python\Python313\site-packages\sqlalchemy\engine\base.py:1419: in execute
    return meth(
C:\Users\Scott\AppData\Roaming\Python\Python313\site-packages\sqlalchemy\sql\ddl.py:187: in _execute_on_connection
    return connection._execute_ddl(
C:\Users\Scott\AppData\Roaming\Python\Python313\site-packages\sqlalchemy\engine\base.py:1530: in _execute_ddl
    ret = self._execute_context(
C:\Users\Scott\AppData\Roaming\Python\Python313\site-packages\sqlalchemy\engine\base.py:1846: in _execute_context
    return self._exec_single_context(
C:\Users\Scott\AppData\Roaming\Python\Python313\site-packages\sqlalchemy\engine\base.py:1986: in _exec_single_context
    self._handle_dbapi_exception(
C:\Users\Scott\AppData\Roaming\Python\Python313\site-packages\sqlalchemy\engine\base.py:2355: in _handle_dbapi_exception
    raise sqlalchemy_exception.with_traceback(exc_info[2]) from e
C:\Users\Scott\AppData\Roaming\Python\Python313\site-packages\sqlalchemy\engine\base.py:1967: in _exec_single_context
    self.dialect.do_execute(
_ _ _ _ _ _ _ _ _ _ _ _ _ _ _ _ _ _ _ _ _ _ _ _ _ _ _ _ _ _ _ _ _ _ _ _ _ _ _ _

self = <sqlalchemy.dialects.sqlite.pysqlite.SQLiteDialect_pysqlite object at 0x0000020C9913BA10>
cursor = <sqlite3.Cursor object at 0x0000020C9924A140>
statement = 'CREATE INDEX ix_factor_group_id ON factor (group_id)'
parameters = ()
context = <sqlalchemy.dialects.sqlite.base.SQLiteExecutionContext object at 0x0000020C99173070>

    def do_execute(self, cursor, statement, parameters, context=None):
>       cursor.execute(statement, parameters)
E       sqlalchemy.exc.OperationalError: (sqlite3.OperationalError) index ix_factor_group_id already exists
E       [SQL: CREATE INDEX ix_factor_group_id ON factor (group_id)]
E       (Background on this error at: https://sqlalche.me/e/20/e3q8)

C:\Users\Scott\AppData\Roaming\Python\Python313\site-packages\sqlalchemy\engine\default.py:951: OperationalError
_______________ ERROR at setup of test_filter_factors_by_region _______________

self = <sqlalchemy.engine.base.Connection object at 0x0000020C99228EC0>
dialect = <sqlalchemy.dialects.sqlite.pysqlite.SQLiteDialect_pysqlite object at 0x0000020C9913BA10>
context = <sqlalchemy.dialects.sqlite.base.SQLiteExecutionContext object at 0x0000020C99173070>
statement = <sqlalchemy.dialects.sqlite.base.SQLiteDDLCompiler object at 0x0000020C991179B0>
parameters = [()]

    def _exec_single_context(
        self,
        dialect: Dialect,
        context: ExecutionContext,
        statement: Union[str, Compiled],
        parameters: Optional[_AnyMultiExecuteParams],
    ) -> CursorResult[Any]:
        """continue the _execute_context() method for a single DBAPI
        cursor.execute() or cursor.executemany() call.
    
        """
        if dialect.bind_typing is BindTyping.SETINPUTSIZES:
            generic_setinputsizes = context._prepare_set_input_sizes()
    
            if generic_setinputsizes:
                try:
                    dialect.do_set_input_sizes(
                        context.cursor, generic_setinputsizes, context
                    )
                except BaseException as e:
                    self._handle_dbapi_exception(
                        e, str(statement), parameters, None, context
                    )
    
        cursor, str_statement, parameters = (
            context.cursor,
            context.statement,
            context.parameters,
        )
    
        effective_parameters: Optional[_AnyExecuteParams]
    
        if not context.executemany:
            effective_parameters = parameters[0]
        else:
            effective_parameters = parameters
    
        if self._has_events or self.engine._has_events:
            for fn in self.dispatch.before_cursor_execute:
                str_statement, effective_parameters = fn(
                    self,
                    cursor,
                    str_statement,
                    effective_parameters,
                    context,
                    context.executemany,
                )
    
        if self._echo:
            self._log_info(str_statement)
    
            stats = context._get_cache_stats()
    
            if not self.engine.hide_parameters:
                self._log_info(
                    "[%s] %r",
                    stats,
                    sql_util._repr_params(
                        effective_parameters,
                        batches=10,
                        ismulti=context.executemany,
                    ),
                )
            else:
                self._log_info(
                    "[%s] [SQL parameters hidden due to hide_parameters=True]",
                    stats,
                )
    
        evt_handled: bool = False
        try:
            if context.execute_style is ExecuteStyle.EXECUTEMANY:
                effective_parameters = cast(
                    "_CoreMultiExecuteParams", effective_parameters
                )
                if self.dialect._has_events:
                    for fn in self.dialect.dispatch.do_executemany:
                        if fn(
                            cursor,
                            str_statement,
                            effective_parameters,
                            context,
                        ):
                            evt_handled = True
                            break
                if not evt_handled:
                    self.dialect.do_executemany(
                        cursor,
                        str_statement,
                        effective_parameters,
                        context,
                    )
            elif not effective_parameters and context.no_parameters:
                if self.dialect._has_events:
                    for fn in self.dialect.dispatch.do_execute_no_params:
                        if fn(cursor, str_statement, context):
                            evt_handled = True
                            break
                if not evt_handled:
                    self.dialect.do_execute_no_params(
                        cursor, str_statement, context
                    )
            else:
                effective_parameters = cast(
                    "_CoreSingleExecuteParams", effective_parameters
                )
                if self.dialect._has_events:
                    for fn in self.dialect.dispatch.do_execute:
                        if fn(
                            cursor,
                            str_statement,
                            effective_parameters,
                            context,
                        ):
                            evt_handled = True
                            break
                if not evt_handled:
>                   self.dialect.do_execute(
                        cursor, str_statement, effective_parameters, context
                    )

C:\Users\Scott\AppData\Roaming\Python\Python313\site-packages\sqlalchemy\engine\base.py:1967: 
_ _ _ _ _ _ _ _ _ _ _ _ _ _ _ _ _ _ _ _ _ _ _ _ _ _ _ _ _ _ _ _ _ _ _ _ _ _ _ _

self = <sqlalchemy.dialects.sqlite.pysqlite.SQLiteDialect_pysqlite object at 0x0000020C9913BA10>
cursor = <sqlite3.Cursor object at 0x0000020C9924A140>
statement = 'CREATE INDEX ix_factor_group_id ON factor (group_id)'
parameters = ()
context = <sqlalchemy.dialects.sqlite.base.SQLiteExecutionContext object at 0x0000020C99173070>

    def do_execute(self, cursor, statement, parameters, context=None):
>       cursor.execute(statement, parameters)
E       sqlite3.OperationalError: index ix_factor_group_id already exists

C:\Users\Scott\AppData\Roaming\Python\Python313\site-packages\sqlalchemy\engine\default.py:951: OperationalError

The above exception was the direct cause of the following exception:

    @pytest.fixture(scope="session")
    def db_engine():
        """Create engine once for the session"""
        engine = create_engine(
            SQLALCHEMY_TEST_DATABASE_URL,
            connect_args={"check_same_thread": False},
            poolclass=StaticPool,
        )
>       Base.metadata.create_all(bind=engine)

tests\conftest.py:27: 
_ _ _ _ _ _ _ _ _ _ _ _ _ _ _ _ _ _ _ _ _ _ _ _ _ _ _ _ _ _ _ _ _ _ _ _ _ _ _ _
C:\Users\Scott\AppData\Roaming\Python\Python313\site-packages\sqlalchemy\sql\schema.py:5928: in create_all
    bind._run_ddl_visitor(
C:\Users\Scott\AppData\Roaming\Python\Python313\site-packages\sqlalchemy\engine\base.py:3252: in _run_ddl_visitor
    conn._run_ddl_visitor(visitorcallable, element, **kwargs)
C:\Users\Scott\AppData\Roaming\Python\Python313\site-packages\sqlalchemy\engine\base.py:2459: in _run_ddl_visitor
    ).traverse_single(element)
      ^^^^^^^^^^^^^^^^^^^^^^^^
C:\Users\Scott\AppData\Roaming\Python\Python313\site-packages\sqlalchemy\sql\visitors.py:661: in traverse_single
    return meth(obj, **kw)
           ^^^^^^^^^^^^^^^
C:\Users\Scott\AppData\Roaming\Python\Python313\site-packages\sqlalchemy\sql\ddl.py:984: in visit_metadata
    self.traverse_single(
C:\Users\Scott\AppData\Roaming\Python\Python313\site-packages\sqlalchemy\sql\visitors.py:661: in traverse_single
    return meth(obj, **kw)
           ^^^^^^^^^^^^^^^
C:\Users\Scott\AppData\Roaming\Python\Python313\site-packages\sqlalchemy\sql\ddl.py:1026: in visit_table
    self.traverse_single(index, create_ok=True)
C:\Users\Scott\AppData\Roaming\Python\Python313\site-packages\sqlalchemy\sql\visitors.py:661: in traverse_single
    return meth(obj, **kw)
           ^^^^^^^^^^^^^^^
C:\Users\Scott\AppData\Roaming\Python\Python313\site-packages\sqlalchemy\sql\ddl.py:1063: in visit_index
    CreateIndex(index)._invoke_with(self.connection)
C:\Users\Scott\AppData\Roaming\Python\Python313\site-packages\sqlalchemy\sql\ddl.py:321: in _invoke_with
    return bind.execute(self)
           ^^^^^^^^^^^^^^^^^^
C:\Users\Scott\AppData\Roaming\Python\Python313\site-packages\sqlalchemy\engine\base.py:1419: in execute
    return meth(
C:\Users\Scott\AppData\Roaming\Python\Python313\site-packages\sqlalchemy\sql\ddl.py:187: in _execute_on_connection
    return connection._execute_ddl(
C:\Users\Scott\AppData\Roaming\Python\Python313\site-packages\sqlalchemy\engine\base.py:1530: in _execute_ddl
    ret = self._execute_context(
C:\Users\Scott\AppData\Roaming\Python\Python313\site-packages\sqlalchemy\engine\base.py:1846: in _execute_context
    return self._exec_single_context(
C:\Users\Scott\AppData\Roaming\Python\Python313\site-packages\sqlalchemy\engine\base.py:1986: in _exec_single_context
    self._handle_dbapi_exception(
C:\Users\Scott\AppData\Roaming\Python\Python313\site-packages\sqlalchemy\engine\base.py:2355: in _handle_dbapi_exception
    raise sqlalchemy_exception.with_traceback(exc_info[2]) from e
C:\Users\Scott\AppData\Roaming\Python\Python313\site-packages\sqlalchemy\engine\base.py:1967: in _exec_single_context
    self.dialect.do_execute(
_ _ _ _ _ _ _ _ _ _ _ _ _ _ _ _ _ _ _ _ _ _ _ _ _ _ _ _ _ _ _ _ _ _ _ _ _ _ _ _

self = <sqlalchemy.dialects.sqlite.pysqlite.SQLiteDialect_pysqlite object at 0x0000020C9913BA10>
cursor = <sqlite3.Cursor object at 0x0000020C9924A140>
statement = 'CREATE INDEX ix_factor_group_id ON factor (group_id)'
parameters = ()
context = <sqlalchemy.dialects.sqlite.base.SQLiteExecutionContext object at 0x0000020C99173070>

    def do_execute(self, cursor, statement, parameters, context=None):
>       cursor.execute(statement, parameters)
E       sqlalchemy.exc.OperationalError: (sqlite3.OperationalError) index ix_factor_group_id already exists
E       [SQL: CREATE INDEX ix_factor_group_id ON factor (group_id)]
E       (Background on this error at: https://sqlalche.me/e/20/e3q8)

C:\Users\Scott\AppData\Roaming\Python\Python313\site-packages\sqlalchemy\engine\default.py:951: OperationalError
____________________ ERROR at setup of test_search_factors ____________________

self = <sqlalchemy.engine.base.Connection object at 0x0000020C99228EC0>
dialect = <sqlalchemy.dialects.sqlite.pysqlite.SQLiteDialect_pysqlite object at 0x0000020C9913BA10>
context = <sqlalchemy.dialects.sqlite.base.SQLiteExecutionContext object at 0x0000020C99173070>
statement = <sqlalchemy.dialects.sqlite.base.SQLiteDDLCompiler object at 0x0000020C991179B0>
parameters = [()]

    def _exec_single_context(
        self,
        dialect: Dialect,
        context: ExecutionContext,
        statement: Union[str, Compiled],
        parameters: Optional[_AnyMultiExecuteParams],
    ) -> CursorResult[Any]:
        """continue the _execute_context() method for a single DBAPI
        cursor.execute() or cursor.executemany() call.
    
        """
        if dialect.bind_typing is BindTyping.SETINPUTSIZES:
            generic_setinputsizes = context._prepare_set_input_sizes()
    
            if generic_setinputsizes:
                try:
                    dialect.do_set_input_sizes(
                        context.cursor, generic_setinputsizes, context
                    )
                except BaseException as e:
                    self._handle_dbapi_exception(
                        e, str(statement), parameters, None, context
                    )
    
        cursor, str_statement, parameters = (
            context.cursor,
            context.statement,
            context.parameters,
        )
    
        effective_parameters: Optional[_AnyExecuteParams]
    
        if not context.executemany:
            effective_parameters = parameters[0]
        else:
            effective_parameters = parameters
    
        if self._has_events or self.engine._has_events:
            for fn in self.dispatch.before_cursor_execute:
                str_statement, effective_parameters = fn(
                    self,
                    cursor,
                    str_statement,
                    effective_parameters,
                    context,
                    context.executemany,
                )
    
        if self._echo:
            self._log_info(str_statement)
    
            stats = context._get_cache_stats()
    
            if not self.engine.hide_parameters:
                self._log_info(
                    "[%s] %r",
                    stats,
                    sql_util._repr_params(
                        effective_parameters,
                        batches=10,
                        ismulti=context.executemany,
                    ),
                )
            else:
                self._log_info(
                    "[%s] [SQL parameters hidden due to hide_parameters=True]",
                    stats,
                )
    
        evt_handled: bool = False
        try:
            if context.execute_style is ExecuteStyle.EXECUTEMANY:
                effective_parameters = cast(
                    "_CoreMultiExecuteParams", effective_parameters
                )
                if self.dialect._has_events:
                    for fn in self.dialect.dispatch.do_executemany:
                        if fn(
                            cursor,
                            str_statement,
                            effective_parameters,
                            context,
                        ):
                            evt_handled = True
                            break
                if not evt_handled:
                    self.dialect.do_executemany(
                        cursor,
                        str_statement,
                        effective_parameters,
                        context,
                    )
            elif not effective_parameters and context.no_parameters:
                if self.dialect._has_events:
                    for fn in self.dialect.dispatch.do_execute_no_params:
                        if fn(cursor, str_statement, context):
                            evt_handled = True
                            break
                if not evt_handled:
                    self.dialect.do_execute_no_params(
                        cursor, str_statement, context
                    )
            else:
                effective_parameters = cast(
                    "_CoreSingleExecuteParams", effective_parameters
                )
                if self.dialect._has_events:
                    for fn in self.dialect.dispatch.do_execute:
                        if fn(
                            cursor,
                            str_statement,
                            effective_parameters,
                            context,
                        ):
                            evt_handled = True
                            break
                if not evt_handled:
>                   self.dialect.do_execute(
                        cursor, str_statement, effective_parameters, context
                    )

C:\Users\Scott\AppData\Roaming\Python\Python313\site-packages\sqlalchemy\engine\base.py:1967: 
_ _ _ _ _ _ _ _ _ _ _ _ _ _ _ _ _ _ _ _ _ _ _ _ _ _ _ _ _ _ _ _ _ _ _ _ _ _ _ _

self = <sqlalchemy.dialects.sqlite.pysqlite.SQLiteDialect_pysqlite object at 0x0000020C9913BA10>
cursor = <sqlite3.Cursor object at 0x0000020C9924A140>
statement = 'CREATE INDEX ix_factor_group_id ON factor (group_id)'
parameters = ()
context = <sqlalchemy.dialects.sqlite.base.SQLiteExecutionContext object at 0x0000020C99173070>

    def do_execute(self, cursor, statement, parameters, context=None):
>       cursor.execute(statement, parameters)
E       sqlite3.OperationalError: index ix_factor_group_id already exists

C:\Users\Scott\AppData\Roaming\Python\Python313\site-packages\sqlalchemy\engine\default.py:951: OperationalError

The above exception was the direct cause of the following exception:

    @pytest.fixture(scope="session")
    def db_engine():
        """Create engine once for the session"""
        engine = create_engine(
            SQLALCHEMY_TEST_DATABASE_URL,
            connect_args={"check_same_thread": False},
            poolclass=StaticPool,
        )
>       Base.metadata.create_all(bind=engine)

tests\conftest.py:27: 
_ _ _ _ _ _ _ _ _ _ _ _ _ _ _ _ _ _ _ _ _ _ _ _ _ _ _ _ _ _ _ _ _ _ _ _ _ _ _ _
C:\Users\Scott\AppData\Roaming\Python\Python313\site-packages\sqlalchemy\sql\schema.py:5928: in create_all
    bind._run_ddl_visitor(
C:\Users\Scott\AppData\Roaming\Python\Python313\site-packages\sqlalchemy\engine\base.py:3252: in _run_ddl_visitor
    conn._run_ddl_visitor(visitorcallable, element, **kwargs)
C:\Users\Scott\AppData\Roaming\Python\Python313\site-packages\sqlalchemy\engine\base.py:2459: in _run_ddl_visitor
    ).traverse_single(element)
      ^^^^^^^^^^^^^^^^^^^^^^^^
C:\Users\Scott\AppData\Roaming\Python\Python313\site-packages\sqlalchemy\sql\visitors.py:661: in traverse_single
    return meth(obj, **kw)
           ^^^^^^^^^^^^^^^
C:\Users\Scott\AppData\Roaming\Python\Python313\site-packages\sqlalchemy\sql\ddl.py:984: in visit_metadata
    self.traverse_single(
C:\Users\Scott\AppData\Roaming\Python\Python313\site-packages\sqlalchemy\sql\visitors.py:661: in traverse_single
    return meth(obj, **kw)
           ^^^^^^^^^^^^^^^
C:\Users\Scott\AppData\Roaming\Python\Python313\site-packages\sqlalchemy\sql\ddl.py:1026: in visit_table
    self.traverse_single(index, create_ok=True)
C:\Users\Scott\AppData\Roaming\Python\Python313\site-packages\sqlalchemy\sql\visitors.py:661: in traverse_single
    return meth(obj, **kw)
           ^^^^^^^^^^^^^^^
C:\Users\Scott\AppData\Roaming\Python\Python313\site-packages\sqlalchemy\sql\ddl.py:1063: in visit_index
    CreateIndex(index)._invoke_with(self.connection)
C:\Users\Scott\AppData\Roaming\Python\Python313\site-packages\sqlalchemy\sql\ddl.py:321: in _invoke_with
    return bind.execute(self)
           ^^^^^^^^^^^^^^^^^^
C:\Users\Scott\AppData\Roaming\Python\Python313\site-packages\sqlalchemy\engine\base.py:1419: in execute
    return meth(
C:\Users\Scott\AppData\Roaming\Python\Python313\site-packages\sqlalchemy\sql\ddl.py:187: in _execute_on_connection
    return connection._execute_ddl(
C:\Users\Scott\AppData\Roaming\Python\Python313\site-packages\sqlalchemy\engine\base.py:1530: in _execute_ddl
    ret = self._execute_context(
C:\Users\Scott\AppData\Roaming\Python\Python313\site-packages\sqlalchemy\engine\base.py:1846: in _execute_context
    return self._exec_single_context(
C:\Users\Scott\AppData\Roaming\Python\Python313\site-packages\sqlalchemy\engine\base.py:1986: in _exec_single_context
    self._handle_dbapi_exception(
C:\Users\Scott\AppData\Roaming\Python\Python313\site-packages\sqlalchemy\engine\base.py:2355: in _handle_dbapi_exception
    raise sqlalchemy_exception.with_traceback(exc_info[2]) from e
C:\Users\Scott\AppData\Roaming\Python\Python313\site-packages\sqlalchemy\engine\base.py:1967: in _exec_single_context
    self.dialect.do_execute(
_ _ _ _ _ _ _ _ _ _ _ _ _ _ _ _ _ _ _ _ _ _ _ _ _ _ _ _ _ _ _ _ _ _ _ _ _ _ _ _

self = <sqlalchemy.dialects.sqlite.pysqlite.SQLiteDialect_pysqlite object at 0x0000020C9913BA10>
cursor = <sqlite3.Cursor object at 0x0000020C9924A140>
statement = 'CREATE INDEX ix_factor_group_id ON factor (group_id)'
parameters = ()
context = <sqlalchemy.dialects.sqlite.base.SQLiteExecutionContext object at 0x0000020C99173070>

    def do_execute(self, cursor, statement, parameters, context=None):
>       cursor.execute(statement, parameters)
E       sqlalchemy.exc.OperationalError: (sqlite3.OperationalError) index ix_factor_group_id already exists
E       [SQL: CREATE INDEX ix_factor_group_id ON factor (group_id)]
E       (Background on this error at: https://sqlalche.me/e/20/e3q8)

C:\Users\Scott\AppData\Roaming\Python\Python313\site-packages\sqlalchemy\engine\default.py:951: OperationalError
________________ ERROR at setup of test_get_factor_timeseries _________________

self = <sqlalchemy.engine.base.Connection object at 0x0000020C99228EC0>
dialect = <sqlalchemy.dialects.sqlite.pysqlite.SQLiteDialect_pysqlite object at 0x0000020C9913BA10>
context = <sqlalchemy.dialects.sqlite.base.SQLiteExecutionContext object at 0x0000020C99173070>
statement = <sqlalchemy.dialects.sqlite.base.SQLiteDDLCompiler object at 0x0000020C991179B0>
parameters = [()]

    def _exec_single_context(
        self,
        dialect: Dialect,
        context: ExecutionContext,
        statement: Union[str, Compiled],
        parameters: Optional[_AnyMultiExecuteParams],
    ) -> CursorResult[Any]:
        """continue the _execute_context() method for a single DBAPI
        cursor.execute() or cursor.executemany() call.
    
        """
        if dialect.bind_typing is BindTyping.SETINPUTSIZES:
            generic_setinputsizes = context._prepare_set_input_sizes()
    
            if generic_setinputsizes:
                try:
                    dialect.do_set_input_sizes(
                        context.cursor, generic_setinputsizes, context
                    )
                except BaseException as e:
                    self._handle_dbapi_exception(
                        e, str(statement), parameters, None, context
                    )
    
        cursor, str_statement, parameters = (
            context.cursor,
            context.statement,
            context.parameters,
        )
    
        effective_parameters: Optional[_AnyExecuteParams]
    
        if not context.executemany:
            effective_parameters = parameters[0]
        else:
            effective_parameters = parameters
    
        if self._has_events or self.engine._has_events:
            for fn in self.dispatch.before_cursor_execute:
                str_statement, effective_parameters = fn(
                    self,
                    cursor,
                    str_statement,
                    effective_parameters,
                    context,
                    context.executemany,
                )
    
        if self._echo:
            self._log_info(str_statement)
    
            stats = context._get_cache_stats()
    
            if not self.engine.hide_parameters:
                self._log_info(
                    "[%s] %r",
                    stats,
                    sql_util._repr_params(
                        effective_parameters,
                        batches=10,
                        ismulti=context.executemany,
                    ),
                )
            else:
                self._log_info(
                    "[%s] [SQL parameters hidden due to hide_parameters=True]",
                    stats,
                )
    
        evt_handled: bool = False
        try:
            if context.execute_style is ExecuteStyle.EXECUTEMANY:
                effective_parameters = cast(
                    "_CoreMultiExecuteParams", effective_parameters
                )
                if self.dialect._has_events:
                    for fn in self.dialect.dispatch.do_executemany:
                        if fn(
                            cursor,
                            str_statement,
                            effective_parameters,
                            context,
                        ):
                            evt_handled = True
                            break
                if not evt_handled:
                    self.dialect.do_executemany(
                        cursor,
                        str_statement,
                        effective_parameters,
                        context,
                    )
            elif not effective_parameters and context.no_parameters:
                if self.dialect._has_events:
                    for fn in self.dialect.dispatch.do_execute_no_params:
                        if fn(cursor, str_statement, context):
                            evt_handled = True
                            break
                if not evt_handled:
                    self.dialect.do_execute_no_params(
                        cursor, str_statement, context
                    )
            else:
                effective_parameters = cast(
                    "_CoreSingleExecuteParams", effective_parameters
                )
                if self.dialect._has_events:
                    for fn in self.dialect.dispatch.do_execute:
                        if fn(
                            cursor,
                            str_statement,
                            effective_parameters,
                            context,
                        ):
                            evt_handled = True
                            break
                if not evt_handled:
>                   self.dialect.do_execute(
                        cursor, str_statement, effective_parameters, context
                    )

C:\Users\Scott\AppData\Roaming\Python\Python313\site-packages\sqlalchemy\engine\base.py:1967: 
_ _ _ _ _ _ _ _ _ _ _ _ _ _ _ _ _ _ _ _ _ _ _ _ _ _ _ _ _ _ _ _ _ _ _ _ _ _ _ _

self = <sqlalchemy.dialects.sqlite.pysqlite.SQLiteDialect_pysqlite object at 0x0000020C9913BA10>
cursor = <sqlite3.Cursor object at 0x0000020C9924A140>
statement = 'CREATE INDEX ix_factor_group_id ON factor (group_id)'
parameters = ()
context = <sqlalchemy.dialects.sqlite.base.SQLiteExecutionContext object at 0x0000020C99173070>

    def do_execute(self, cursor, statement, parameters, context=None):
>       cursor.execute(statement, parameters)
E       sqlite3.OperationalError: index ix_factor_group_id already exists

C:\Users\Scott\AppData\Roaming\Python\Python313\site-packages\sqlalchemy\engine\default.py:951: OperationalError

The above exception was the direct cause of the following exception:

    @pytest.fixture(scope="session")
    def db_engine():
        """Create engine once for the session"""
        engine = create_engine(
            SQLALCHEMY_TEST_DATABASE_URL,
            connect_args={"check_same_thread": False},
            poolclass=StaticPool,
        )
>       Base.metadata.create_all(bind=engine)

tests\conftest.py:27: 
_ _ _ _ _ _ _ _ _ _ _ _ _ _ _ _ _ _ _ _ _ _ _ _ _ _ _ _ _ _ _ _ _ _ _ _ _ _ _ _
C:\Users\Scott\AppData\Roaming\Python\Python313\site-packages\sqlalchemy\sql\schema.py:5928: in create_all
    bind._run_ddl_visitor(
C:\Users\Scott\AppData\Roaming\Python\Python313\site-packages\sqlalchemy\engine\base.py:3252: in _run_ddl_visitor
    conn._run_ddl_visitor(visitorcallable, element, **kwargs)
C:\Users\Scott\AppData\Roaming\Python\Python313\site-packages\sqlalchemy\engine\base.py:2459: in _run_ddl_visitor
    ).traverse_single(element)
      ^^^^^^^^^^^^^^^^^^^^^^^^
C:\Users\Scott\AppData\Roaming\Python\Python313\site-packages\sqlalchemy\sql\visitors.py:661: in traverse_single
    return meth(obj, **kw)
           ^^^^^^^^^^^^^^^
C:\Users\Scott\AppData\Roaming\Python\Python313\site-packages\sqlalchemy\sql\ddl.py:984: in visit_metadata
    self.traverse_single(
C:\Users\Scott\AppData\Roaming\Python\Python313\site-packages\sqlalchemy\sql\visitors.py:661: in traverse_single
    return meth(obj, **kw)
           ^^^^^^^^^^^^^^^
C:\Users\Scott\AppData\Roaming\Python\Python313\site-packages\sqlalchemy\sql\ddl.py:1026: in visit_table
    self.traverse_single(index, create_ok=True)
C:\Users\Scott\AppData\Roaming\Python\Python313\site-packages\sqlalchemy\sql\visitors.py:661: in traverse_single
    return meth(obj, **kw)
           ^^^^^^^^^^^^^^^
C:\Users\Scott\AppData\Roaming\Python\Python313\site-packages\sqlalchemy\sql\ddl.py:1063: in visit_index
    CreateIndex(index)._invoke_with(self.connection)
C:\Users\Scott\AppData\Roaming\Python\Python313\site-packages\sqlalchemy\sql\ddl.py:321: in _invoke_with
    return bind.execute(self)
           ^^^^^^^^^^^^^^^^^^
C:\Users\Scott\AppData\Roaming\Python\Python313\site-packages\sqlalchemy\engine\base.py:1419: in execute
    return meth(
C:\Users\Scott\AppData\Roaming\Python\Python313\site-packages\sqlalchemy\sql\ddl.py:187: in _execute_on_connection
    return connection._execute_ddl(
C:\Users\Scott\AppData\Roaming\Python\Python313\site-packages\sqlalchemy\engine\base.py:1530: in _execute_ddl
    ret = self._execute_context(
C:\Users\Scott\AppData\Roaming\Python\Python313\site-packages\sqlalchemy\engine\base.py:1846: in _execute_context
    return self._exec_single_context(
C:\Users\Scott\AppData\Roaming\Python\Python313\site-packages\sqlalchemy\engine\base.py:1986: in _exec_single_context
    self._handle_dbapi_exception(
C:\Users\Scott\AppData\Roaming\Python\Python313\site-packages\sqlalchemy\engine\base.py:2355: in _handle_dbapi_exception
    raise sqlalchemy_exception.with_traceback(exc_info[2]) from e
C:\Users\Scott\AppData\Roaming\Python\Python313\site-packages\sqlalchemy\engine\base.py:1967: in _exec_single_context
    self.dialect.do_execute(
_ _ _ _ _ _ _ _ _ _ _ _ _ _ _ _ _ _ _ _ _ _ _ _ _ _ _ _ _ _ _ _ _ _ _ _ _ _ _ _

self = <sqlalchemy.dialects.sqlite.pysqlite.SQLiteDialect_pysqlite object at 0x0000020C9913BA10>
cursor = <sqlite3.Cursor object at 0x0000020C9924A140>
statement = 'CREATE INDEX ix_factor_group_id ON factor (group_id)'
parameters = ()
context = <sqlalchemy.dialects.sqlite.base.SQLiteExecutionContext object at 0x0000020C99173070>

    def do_execute(self, cursor, statement, parameters, context=None):
>       cursor.execute(statement, parameters)
E       sqlalchemy.exc.OperationalError: (sqlite3.OperationalError) index ix_factor_group_id already exists
E       [SQL: CREATE INDEX ix_factor_group_id ON factor (group_id)]
E       (Background on this error at: https://sqlalche.me/e/20/e3q8)

C:\Users\Scott\AppData\Roaming\Python\Python313\site-packages\sqlalchemy\engine\default.py:951: OperationalError
________________ ERROR at setup of test_get_factor_statistics _________________

self = <sqlalchemy.engine.base.Connection object at 0x0000020C99228EC0>
dialect = <sqlalchemy.dialects.sqlite.pysqlite.SQLiteDialect_pysqlite object at 0x0000020C9913BA10>
context = <sqlalchemy.dialects.sqlite.base.SQLiteExecutionContext object at 0x0000020C99173070>
statement = <sqlalchemy.dialects.sqlite.base.SQLiteDDLCompiler object at 0x0000020C991179B0>
parameters = [()]

    def _exec_single_context(
        self,
        dialect: Dialect,
        context: ExecutionContext,
        statement: Union[str, Compiled],
        parameters: Optional[_AnyMultiExecuteParams],
    ) -> CursorResult[Any]:
        """continue the _execute_context() method for a single DBAPI
        cursor.execute() or cursor.executemany() call.
    
        """
        if dialect.bind_typing is BindTyping.SETINPUTSIZES:
            generic_setinputsizes = context._prepare_set_input_sizes()
    
            if generic_setinputsizes:
                try:
                    dialect.do_set_input_sizes(
                        context.cursor, generic_setinputsizes, context
                    )
                except BaseException as e:
                    self._handle_dbapi_exception(
                        e, str(statement), parameters, None, context
                    )
    
        cursor, str_statement, parameters = (
            context.cursor,
            context.statement,
            context.parameters,
        )
    
        effective_parameters: Optional[_AnyExecuteParams]
    
        if not context.executemany:
            effective_parameters = parameters[0]
        else:
            effective_parameters = parameters
    
        if self._has_events or self.engine._has_events:
            for fn in self.dispatch.before_cursor_execute:
                str_statement, effective_parameters = fn(
                    self,
                    cursor,
                    str_statement,
                    effective_parameters,
                    context,
                    context.executemany,
                )
    
        if self._echo:
            self._log_info(str_statement)
    
            stats = context._get_cache_stats()
    
            if not self.engine.hide_parameters:
                self._log_info(
                    "[%s] %r",
                    stats,
                    sql_util._repr_params(
                        effective_parameters,
                        batches=10,
                        ismulti=context.executemany,
                    ),
                )
            else:
                self._log_info(
                    "[%s] [SQL parameters hidden due to hide_parameters=True]",
                    stats,
                )
    
        evt_handled: bool = False
        try:
            if context.execute_style is ExecuteStyle.EXECUTEMANY:
                effective_parameters = cast(
                    "_CoreMultiExecuteParams", effective_parameters
                )
                if self.dialect._has_events:
                    for fn in self.dialect.dispatch.do_executemany:
                        if fn(
                            cursor,
                            str_statement,
                            effective_parameters,
                            context,
                        ):
                            evt_handled = True
                            break
                if not evt_handled:
                    self.dialect.do_executemany(
                        cursor,
                        str_statement,
                        effective_parameters,
                        context,
                    )
            elif not effective_parameters and context.no_parameters:
                if self.dialect._has_events:
                    for fn in self.dialect.dispatch.do_execute_no_params:
                        if fn(cursor, str_statement, context):
                            evt_handled = True
                            break
                if not evt_handled:
                    self.dialect.do_execute_no_params(
                        cursor, str_statement, context
                    )
            else:
                effective_parameters = cast(
                    "_CoreSingleExecuteParams", effective_parameters
                )
                if self.dialect._has_events:
                    for fn in self.dialect.dispatch.do_execute:
                        if fn(
                            cursor,
                            str_statement,
                            effective_parameters,
                            context,
                        ):
                            evt_handled = True
                            break
                if not evt_handled:
>                   self.dialect.do_execute(
                        cursor, str_statement, effective_parameters, context
                    )

C:\Users\Scott\AppData\Roaming\Python\Python313\site-packages\sqlalchemy\engine\base.py:1967: 
_ _ _ _ _ _ _ _ _ _ _ _ _ _ _ _ _ _ _ _ _ _ _ _ _ _ _ _ _ _ _ _ _ _ _ _ _ _ _ _

self = <sqlalchemy.dialects.sqlite.pysqlite.SQLiteDialect_pysqlite object at 0x0000020C9913BA10>
cursor = <sqlite3.Cursor object at 0x0000020C9924A140>
statement = 'CREATE INDEX ix_factor_group_id ON factor (group_id)'
parameters = ()
context = <sqlalchemy.dialects.sqlite.base.SQLiteExecutionContext object at 0x0000020C99173070>

    def do_execute(self, cursor, statement, parameters, context=None):
>       cursor.execute(statement, parameters)
E       sqlite3.OperationalError: index ix_factor_group_id already exists

C:\Users\Scott\AppData\Roaming\Python\Python313\site-packages\sqlalchemy\engine\default.py:951: OperationalError

The above exception was the direct cause of the following exception:

    @pytest.fixture(scope="session")
    def db_engine():
        """Create engine once for the session"""
        engine = create_engine(
            SQLALCHEMY_TEST_DATABASE_URL,
            connect_args={"check_same_thread": False},
            poolclass=StaticPool,
        )
>       Base.metadata.create_all(bind=engine)

tests\conftest.py:27: 
_ _ _ _ _ _ _ _ _ _ _ _ _ _ _ _ _ _ _ _ _ _ _ _ _ _ _ _ _ _ _ _ _ _ _ _ _ _ _ _
C:\Users\Scott\AppData\Roaming\Python\Python313\site-packages\sqlalchemy\sql\schema.py:5928: in create_all
    bind._run_ddl_visitor(
C:\Users\Scott\AppData\Roaming\Python\Python313\site-packages\sqlalchemy\engine\base.py:3252: in _run_ddl_visitor
    conn._run_ddl_visitor(visitorcallable, element, **kwargs)
C:\Users\Scott\AppData\Roaming\Python\Python313\site-packages\sqlalchemy\engine\base.py:2459: in _run_ddl_visitor
    ).traverse_single(element)
      ^^^^^^^^^^^^^^^^^^^^^^^^
C:\Users\Scott\AppData\Roaming\Python\Python313\site-packages\sqlalchemy\sql\visitors.py:661: in traverse_single
    return meth(obj, **kw)
           ^^^^^^^^^^^^^^^
C:\Users\Scott\AppData\Roaming\Python\Python313\site-packages\sqlalchemy\sql\ddl.py:984: in visit_metadata
    self.traverse_single(
C:\Users\Scott\AppData\Roaming\Python\Python313\site-packages\sqlalchemy\sql\visitors.py:661: in traverse_single
    return meth(obj, **kw)
           ^^^^^^^^^^^^^^^
C:\Users\Scott\AppData\Roaming\Python\Python313\site-packages\sqlalchemy\sql\ddl.py:1026: in visit_table
    self.traverse_single(index, create_ok=True)
C:\Users\Scott\AppData\Roaming\Python\Python313\site-packages\sqlalchemy\sql\visitors.py:661: in traverse_single
    return meth(obj, **kw)
           ^^^^^^^^^^^^^^^
C:\Users\Scott\AppData\Roaming\Python\Python313\site-packages\sqlalchemy\sql\ddl.py:1063: in visit_index
    CreateIndex(index)._invoke_with(self.connection)
C:\Users\Scott\AppData\Roaming\Python\Python313\site-packages\sqlalchemy\sql\ddl.py:321: in _invoke_with
    return bind.execute(self)
           ^^^^^^^^^^^^^^^^^^
C:\Users\Scott\AppData\Roaming\Python\Python313\site-packages\sqlalchemy\engine\base.py:1419: in execute
    return meth(
C:\Users\Scott\AppData\Roaming\Python\Python313\site-packages\sqlalchemy\sql\ddl.py:187: in _execute_on_connection
    return connection._execute_ddl(
C:\Users\Scott\AppData\Roaming\Python\Python313\site-packages\sqlalchemy\engine\base.py:1530: in _execute_ddl
    ret = self._execute_context(
C:\Users\Scott\AppData\Roaming\Python\Python313\site-packages\sqlalchemy\engine\base.py:1846: in _execute_context
    return self._exec_single_context(
C:\Users\Scott\AppData\Roaming\Python\Python313\site-packages\sqlalchemy\engine\base.py:1986: in _exec_single_context
    self._handle_dbapi_exception(
C:\Users\Scott\AppData\Roaming\Python\Python313\site-packages\sqlalchemy\engine\base.py:2355: in _handle_dbapi_exception
    raise sqlalchemy_exception.with_traceback(exc_info[2]) from e
C:\Users\Scott\AppData\Roaming\Python\Python313\site-packages\sqlalchemy\engine\base.py:1967: in _exec_single_context
    self.dialect.do_execute(
_ _ _ _ _ _ _ _ _ _ _ _ _ _ _ _ _ _ _ _ _ _ _ _ _ _ _ _ _ _ _ _ _ _ _ _ _ _ _ _

self = <sqlalchemy.dialects.sqlite.pysqlite.SQLiteDialect_pysqlite object at 0x0000020C9913BA10>
cursor = <sqlite3.Cursor object at 0x0000020C9924A140>
statement = 'CREATE INDEX ix_factor_group_id ON factor (group_id)'
parameters = ()
context = <sqlalchemy.dialects.sqlite.base.SQLiteExecutionContext object at 0x0000020C99173070>

    def do_execute(self, cursor, statement, parameters, context=None):
>       cursor.execute(statement, parameters)
E       sqlalchemy.exc.OperationalError: (sqlite3.OperationalError) index ix_factor_group_id already exists
E       [SQL: CREATE INDEX ix_factor_group_id ON factor (group_id)]
E       (Background on this error at: https://sqlalche.me/e/20/e3q8)

C:\Users\Scott\AppData\Roaming\Python\Python313\site-packages\sqlalchemy\engine\default.py:951: OperationalError
______________________ ERROR at setup of test_pagination ______________________

self = <sqlalchemy.engine.base.Connection object at 0x0000020C99228EC0>
dialect = <sqlalchemy.dialects.sqlite.pysqlite.SQLiteDialect_pysqlite object at 0x0000020C9913BA10>
context = <sqlalchemy.dialects.sqlite.base.SQLiteExecutionContext object at 0x0000020C99173070>
statement = <sqlalchemy.dialects.sqlite.base.SQLiteDDLCompiler object at 0x0000020C991179B0>
parameters = [()]

    def _exec_single_context(
        self,
        dialect: Dialect,
        context: ExecutionContext,
        statement: Union[str, Compiled],
        parameters: Optional[_AnyMultiExecuteParams],
    ) -> CursorResult[Any]:
        """continue the _execute_context() method for a single DBAPI
        cursor.execute() or cursor.executemany() call.
    
        """
        if dialect.bind_typing is BindTyping.SETINPUTSIZES:
            generic_setinputsizes = context._prepare_set_input_sizes()
    
            if generic_setinputsizes:
                try:
                    dialect.do_set_input_sizes(
                        context.cursor, generic_setinputsizes, context
                    )
                except BaseException as e:
                    self._handle_dbapi_exception(
                        e, str(statement), parameters, None, context
                    )
    
        cursor, str_statement, parameters = (
            context.cursor,
            context.statement,
            context.parameters,
        )
    
        effective_parameters: Optional[_AnyExecuteParams]
    
        if not context.executemany:
            effective_parameters = parameters[0]
        else:
            effective_parameters = parameters
    
        if self._has_events or self.engine._has_events:
            for fn in self.dispatch.before_cursor_execute:
                str_statement, effective_parameters = fn(
                    self,
                    cursor,
                    str_statement,
                    effective_parameters,
                    context,
                    context.executemany,
                )
    
        if self._echo:
            self._log_info(str_statement)
    
            stats = context._get_cache_stats()
    
            if not self.engine.hide_parameters:
                self._log_info(
                    "[%s] %r",
                    stats,
                    sql_util._repr_params(
                        effective_parameters,
                        batches=10,
                        ismulti=context.executemany,
                    ),
                )
            else:
                self._log_info(
                    "[%s] [SQL parameters hidden due to hide_parameters=True]",
                    stats,
                )
    
        evt_handled: bool = False
        try:
            if context.execute_style is ExecuteStyle.EXECUTEMANY:
                effective_parameters = cast(
                    "_CoreMultiExecuteParams", effective_parameters
                )
                if self.dialect._has_events:
                    for fn in self.dialect.dispatch.do_executemany:
                        if fn(
                            cursor,
                            str_statement,
                            effective_parameters,
                            context,
                        ):
                            evt_handled = True
                            break
                if not evt_handled:
                    self.dialect.do_executemany(
                        cursor,
                        str_statement,
                        effective_parameters,
                        context,
                    )
            elif not effective_parameters and context.no_parameters:
                if self.dialect._has_events:
                    for fn in self.dialect.dispatch.do_execute_no_params:
                        if fn(cursor, str_statement, context):
                            evt_handled = True
                            break
                if not evt_handled:
                    self.dialect.do_execute_no_params(
                        cursor, str_statement, context
                    )
            else:
                effective_parameters = cast(
                    "_CoreSingleExecuteParams", effective_parameters
                )
                if self.dialect._has_events:
                    for fn in self.dialect.dispatch.do_execute:
                        if fn(
                            cursor,
                            str_statement,
                            effective_parameters,
                            context,
                        ):
                            evt_handled = True
                            break
                if not evt_handled:
>                   self.dialect.do_execute(
                        cursor, str_statement, effective_parameters, context
                    )

C:\Users\Scott\AppData\Roaming\Python\Python313\site-packages\sqlalchemy\engine\base.py:1967: 
_ _ _ _ _ _ _ _ _ _ _ _ _ _ _ _ _ _ _ _ _ _ _ _ _ _ _ _ _ _ _ _ _ _ _ _ _ _ _ _

self = <sqlalchemy.dialects.sqlite.pysqlite.SQLiteDialect_pysqlite object at 0x0000020C9913BA10>
cursor = <sqlite3.Cursor object at 0x0000020C9924A140>
statement = 'CREATE INDEX ix_factor_group_id ON factor (group_id)'
parameters = ()
context = <sqlalchemy.dialects.sqlite.base.SQLiteExecutionContext object at 0x0000020C99173070>

    def do_execute(self, cursor, statement, parameters, context=None):
>       cursor.execute(statement, parameters)
E       sqlite3.OperationalError: index ix_factor_group_id already exists

C:\Users\Scott\AppData\Roaming\Python\Python313\site-packages\sqlalchemy\engine\default.py:951: OperationalError

The above exception was the direct cause of the following exception:

    @pytest.fixture(scope="session")
    def db_engine():
        """Create engine once for the session"""
        engine = create_engine(
            SQLALCHEMY_TEST_DATABASE_URL,
            connect_args={"check_same_thread": False},
            poolclass=StaticPool,
        )
>       Base.metadata.create_all(bind=engine)

tests\conftest.py:27: 
_ _ _ _ _ _ _ _ _ _ _ _ _ _ _ _ _ _ _ _ _ _ _ _ _ _ _ _ _ _ _ _ _ _ _ _ _ _ _ _
C:\Users\Scott\AppData\Roaming\Python\Python313\site-packages\sqlalchemy\sql\schema.py:5928: in create_all
    bind._run_ddl_visitor(
C:\Users\Scott\AppData\Roaming\Python\Python313\site-packages\sqlalchemy\engine\base.py:3252: in _run_ddl_visitor
    conn._run_ddl_visitor(visitorcallable, element, **kwargs)
C:\Users\Scott\AppData\Roaming\Python\Python313\site-packages\sqlalchemy\engine\base.py:2459: in _run_ddl_visitor
    ).traverse_single(element)
      ^^^^^^^^^^^^^^^^^^^^^^^^
C:\Users\Scott\AppData\Roaming\Python\Python313\site-packages\sqlalchemy\sql\visitors.py:661: in traverse_single
    return meth(obj, **kw)
           ^^^^^^^^^^^^^^^
C:\Users\Scott\AppData\Roaming\Python\Python313\site-packages\sqlalchemy\sql\ddl.py:984: in visit_metadata
    self.traverse_single(
C:\Users\Scott\AppData\Roaming\Python\Python313\site-packages\sqlalchemy\sql\visitors.py:661: in traverse_single
    return meth(obj, **kw)
           ^^^^^^^^^^^^^^^
C:\Users\Scott\AppData\Roaming\Python\Python313\site-packages\sqlalchemy\sql\ddl.py:1026: in visit_table
    self.traverse_single(index, create_ok=True)
C:\Users\Scott\AppData\Roaming\Python\Python313\site-packages\sqlalchemy\sql\visitors.py:661: in traverse_single
    return meth(obj, **kw)
           ^^^^^^^^^^^^^^^
C:\Users\Scott\AppData\Roaming\Python\Python313\site-packages\sqlalchemy\sql\ddl.py:1063: in visit_index
    CreateIndex(index)._invoke_with(self.connection)
C:\Users\Scott\AppData\Roaming\Python\Python313\site-packages\sqlalchemy\sql\ddl.py:321: in _invoke_with
    return bind.execute(self)
           ^^^^^^^^^^^^^^^^^^
C:\Users\Scott\AppData\Roaming\Python\Python313\site-packages\sqlalchemy\engine\base.py:1419: in execute
    return meth(
C:\Users\Scott\AppData\Roaming\Python\Python313\site-packages\sqlalchemy\sql\ddl.py:187: in _execute_on_connection
    return connection._execute_ddl(
C:\Users\Scott\AppData\Roaming\Python\Python313\site-packages\sqlalchemy\engine\base.py:1530: in _execute_ddl
    ret = self._execute_context(
C:\Users\Scott\AppData\Roaming\Python\Python313\site-packages\sqlalchemy\engine\base.py:1846: in _execute_context
    return self._exec_single_context(
C:\Users\Scott\AppData\Roaming\Python\Python313\site-packages\sqlalchemy\engine\base.py:1986: in _exec_single_context
    self._handle_dbapi_exception(
C:\Users\Scott\AppData\Roaming\Python\Python313\site-packages\sqlalchemy\engine\base.py:2355: in _handle_dbapi_exception
    raise sqlalchemy_exception.with_traceback(exc_info[2]) from e
C:\Users\Scott\AppData\Roaming\Python\Python313\site-packages\sqlalchemy\engine\base.py:1967: in _exec_single_context
    self.dialect.do_execute(
_ _ _ _ _ _ _ _ _ _ _ _ _ _ _ _ _ _ _ _ _ _ _ _ _ _ _ _ _ _ _ _ _ _ _ _ _ _ _ _

self = <sqlalchemy.dialects.sqlite.pysqlite.SQLiteDialect_pysqlite object at 0x0000020C9913BA10>
cursor = <sqlite3.Cursor object at 0x0000020C9924A140>
statement = 'CREATE INDEX ix_factor_group_id ON factor (group_id)'
parameters = ()
context = <sqlalchemy.dialects.sqlite.base.SQLiteExecutionContext object at 0x0000020C99173070>

    def do_execute(self, cursor, statement, parameters, context=None):
>       cursor.execute(statement, parameters)
E       sqlalchemy.exc.OperationalError: (sqlite3.OperationalError) index ix_factor_group_id already exists
E       [SQL: CREATE INDEX ix_factor_group_id ON factor (group_id)]
E       (Background on this error at: https://sqlalche.me/e/20/e3q8)

C:\Users\Scott\AppData\Roaming\Python\Python313\site-packages\sqlalchemy\engine\default.py:951: OperationalError
_________________ ERROR at setup of test_create_factor_group __________________

self = <sqlalchemy.engine.base.Connection object at 0x0000020C99228EC0>
dialect = <sqlalchemy.dialects.sqlite.pysqlite.SQLiteDialect_pysqlite object at 0x0000020C9913BA10>
context = <sqlalchemy.dialects.sqlite.base.SQLiteExecutionContext object at 0x0000020C99173070>
statement = <sqlalchemy.dialects.sqlite.base.SQLiteDDLCompiler object at 0x0000020C991179B0>
parameters = [()]

    def _exec_single_context(
        self,
        dialect: Dialect,
        context: ExecutionContext,
        statement: Union[str, Compiled],
        parameters: Optional[_AnyMultiExecuteParams],
    ) -> CursorResult[Any]:
        """continue the _execute_context() method for a single DBAPI
        cursor.execute() or cursor.executemany() call.
    
        """
        if dialect.bind_typing is BindTyping.SETINPUTSIZES:
            generic_setinputsizes = context._prepare_set_input_sizes()
    
            if generic_setinputsizes:
                try:
                    dialect.do_set_input_sizes(
                        context.cursor, generic_setinputsizes, context
                    )
                except BaseException as e:
                    self._handle_dbapi_exception(
                        e, str(statement), parameters, None, context
                    )
    
        cursor, str_statement, parameters = (
            context.cursor,
            context.statement,
            context.parameters,
        )
    
        effective_parameters: Optional[_AnyExecuteParams]
    
        if not context.executemany:
            effective_parameters = parameters[0]
        else:
            effective_parameters = parameters
    
        if self._has_events or self.engine._has_events:
            for fn in self.dispatch.before_cursor_execute:
                str_statement, effective_parameters = fn(
                    self,
                    cursor,
                    str_statement,
                    effective_parameters,
                    context,
                    context.executemany,
                )
    
        if self._echo:
            self._log_info(str_statement)
    
            stats = context._get_cache_stats()
    
            if not self.engine.hide_parameters:
                self._log_info(
                    "[%s] %r",
                    stats,
                    sql_util._repr_params(
                        effective_parameters,
                        batches=10,
                        ismulti=context.executemany,
                    ),
                )
            else:
                self._log_info(
                    "[%s] [SQL parameters hidden due to hide_parameters=True]",
                    stats,
                )
    
        evt_handled: bool = False
        try:
            if context.execute_style is ExecuteStyle.EXECUTEMANY:
                effective_parameters = cast(
                    "_CoreMultiExecuteParams", effective_parameters
                )
                if self.dialect._has_events:
                    for fn in self.dialect.dispatch.do_executemany:
                        if fn(
                            cursor,
                            str_statement,
                            effective_parameters,
                            context,
                        ):
                            evt_handled = True
                            break
                if not evt_handled:
                    self.dialect.do_executemany(
                        cursor,
                        str_statement,
                        effective_parameters,
                        context,
                    )
            elif not effective_parameters and context.no_parameters:
                if self.dialect._has_events:
                    for fn in self.dialect.dispatch.do_execute_no_params:
                        if fn(cursor, str_statement, context):
                            evt_handled = True
                            break
                if not evt_handled:
                    self.dialect.do_execute_no_params(
                        cursor, str_statement, context
                    )
            else:
                effective_parameters = cast(
                    "_CoreSingleExecuteParams", effective_parameters
                )
                if self.dialect._has_events:
                    for fn in self.dialect.dispatch.do_execute:
                        if fn(
                            cursor,
                            str_statement,
                            effective_parameters,
                            context,
                        ):
                            evt_handled = True
                            break
                if not evt_handled:
>                   self.dialect.do_execute(
                        cursor, str_statement, effective_parameters, context
                    )

C:\Users\Scott\AppData\Roaming\Python\Python313\site-packages\sqlalchemy\engine\base.py:1967: 
_ _ _ _ _ _ _ _ _ _ _ _ _ _ _ _ _ _ _ _ _ _ _ _ _ _ _ _ _ _ _ _ _ _ _ _ _ _ _ _

self = <sqlalchemy.dialects.sqlite.pysqlite.SQLiteDialect_pysqlite object at 0x0000020C9913BA10>
cursor = <sqlite3.Cursor object at 0x0000020C9924A140>
statement = 'CREATE INDEX ix_factor_group_id ON factor (group_id)'
parameters = ()
context = <sqlalchemy.dialects.sqlite.base.SQLiteExecutionContext object at 0x0000020C99173070>

    def do_execute(self, cursor, statement, parameters, context=None):
>       cursor.execute(statement, parameters)
E       sqlite3.OperationalError: index ix_factor_group_id already exists

C:\Users\Scott\AppData\Roaming\Python\Python313\site-packages\sqlalchemy\engine\default.py:951: OperationalError

The above exception was the direct cause of the following exception:

    @pytest.fixture(scope="session")
    def db_engine():
        """Create engine once for the session"""
        engine = create_engine(
            SQLALCHEMY_TEST_DATABASE_URL,
            connect_args={"check_same_thread": False},
            poolclass=StaticPool,
        )
>       Base.metadata.create_all(bind=engine)

tests\conftest.py:27: 
_ _ _ _ _ _ _ _ _ _ _ _ _ _ _ _ _ _ _ _ _ _ _ _ _ _ _ _ _ _ _ _ _ _ _ _ _ _ _ _
C:\Users\Scott\AppData\Roaming\Python\Python313\site-packages\sqlalchemy\sql\schema.py:5928: in create_all
    bind._run_ddl_visitor(
C:\Users\Scott\AppData\Roaming\Python\Python313\site-packages\sqlalchemy\engine\base.py:3252: in _run_ddl_visitor
    conn._run_ddl_visitor(visitorcallable, element, **kwargs)
C:\Users\Scott\AppData\Roaming\Python\Python313\site-packages\sqlalchemy\engine\base.py:2459: in _run_ddl_visitor
    ).traverse_single(element)
      ^^^^^^^^^^^^^^^^^^^^^^^^
C:\Users\Scott\AppData\Roaming\Python\Python313\site-packages\sqlalchemy\sql\visitors.py:661: in traverse_single
    return meth(obj, **kw)
           ^^^^^^^^^^^^^^^
C:\Users\Scott\AppData\Roaming\Python\Python313\site-packages\sqlalchemy\sql\ddl.py:984: in visit_metadata
    self.traverse_single(
C:\Users\Scott\AppData\Roaming\Python\Python313\site-packages\sqlalchemy\sql\visitors.py:661: in traverse_single
    return meth(obj, **kw)
           ^^^^^^^^^^^^^^^
C:\Users\Scott\AppData\Roaming\Python\Python313\site-packages\sqlalchemy\sql\ddl.py:1026: in visit_table
    self.traverse_single(index, create_ok=True)
C:\Users\Scott\AppData\Roaming\Python\Python313\site-packages\sqlalchemy\sql\visitors.py:661: in traverse_single
    return meth(obj, **kw)
           ^^^^^^^^^^^^^^^
C:\Users\Scott\AppData\Roaming\Python\Python313\site-packages\sqlalchemy\sql\ddl.py:1063: in visit_index
    CreateIndex(index)._invoke_with(self.connection)
C:\Users\Scott\AppData\Roaming\Python\Python313\site-packages\sqlalchemy\sql\ddl.py:321: in _invoke_with
    return bind.execute(self)
           ^^^^^^^^^^^^^^^^^^
C:\Users\Scott\AppData\Roaming\Python\Python313\site-packages\sqlalchemy\engine\base.py:1419: in execute
    return meth(
C:\Users\Scott\AppData\Roaming\Python\Python313\site-packages\sqlalchemy\sql\ddl.py:187: in _execute_on_connection
    return connection._execute_ddl(
C:\Users\Scott\AppData\Roaming\Python\Python313\site-packages\sqlalchemy\engine\base.py:1530: in _execute_ddl
    ret = self._execute_context(
C:\Users\Scott\AppData\Roaming\Python\Python313\site-packages\sqlalchemy\engine\base.py:1846: in _execute_context
    return self._exec_single_context(
C:\Users\Scott\AppData\Roaming\Python\Python313\site-packages\sqlalchemy\engine\base.py:1986: in _exec_single_context
    self._handle_dbapi_exception(
C:\Users\Scott\AppData\Roaming\Python\Python313\site-packages\sqlalchemy\engine\base.py:2355: in _handle_dbapi_exception
    raise sqlalchemy_exception.with_traceback(exc_info[2]) from e
C:\Users\Scott\AppData\Roaming\Python\Python313\site-packages\sqlalchemy\engine\base.py:1967: in _exec_single_context
    self.dialect.do_execute(
_ _ _ _ _ _ _ _ _ _ _ _ _ _ _ _ _ _ _ _ _ _ _ _ _ _ _ _ _ _ _ _ _ _ _ _ _ _ _ _

self = <sqlalchemy.dialects.sqlite.pysqlite.SQLiteDialect_pysqlite object at 0x0000020C9913BA10>
cursor = <sqlite3.Cursor object at 0x0000020C9924A140>
statement = 'CREATE INDEX ix_factor_group_id ON factor (group_id)'
parameters = ()
context = <sqlalchemy.dialects.sqlite.base.SQLiteExecutionContext object at 0x0000020C99173070>

    def do_execute(self, cursor, statement, parameters, context=None):
>       cursor.execute(statement, parameters)
E       sqlalchemy.exc.OperationalError: (sqlite3.OperationalError) index ix_factor_group_id already exists
E       [SQL: CREATE INDEX ix_factor_group_id ON factor (group_id)]
E       (Background on this error at: https://sqlalche.me/e/20/e3q8)

C:\Users\Scott\AppData\Roaming\Python\Python313\site-packages\sqlalchemy\engine\default.py:951: OperationalError
____________________ ERROR at setup of test_create_factor _____________________

self = <sqlalchemy.engine.base.Connection object at 0x0000020C99228EC0>
dialect = <sqlalchemy.dialects.sqlite.pysqlite.SQLiteDialect_pysqlite object at 0x0000020C9913BA10>
context = <sqlalchemy.dialects.sqlite.base.SQLiteExecutionContext object at 0x0000020C99173070>
statement = <sqlalchemy.dialects.sqlite.base.SQLiteDDLCompiler object at 0x0000020C991179B0>
parameters = [()]

    def _exec_single_context(
        self,
        dialect: Dialect,
        context: ExecutionContext,
        statement: Union[str, Compiled],
        parameters: Optional[_AnyMultiExecuteParams],
    ) -> CursorResult[Any]:
        """continue the _execute_context() method for a single DBAPI
        cursor.execute() or cursor.executemany() call.
    
        """
        if dialect.bind_typing is BindTyping.SETINPUTSIZES:
            generic_setinputsizes = context._prepare_set_input_sizes()
    
            if generic_setinputsizes:
                try:
                    dialect.do_set_input_sizes(
                        context.cursor, generic_setinputsizes, context
                    )
                except BaseException as e:
                    self._handle_dbapi_exception(
                        e, str(statement), parameters, None, context
                    )
    
        cursor, str_statement, parameters = (
            context.cursor,
            context.statement,
            context.parameters,
        )
    
        effective_parameters: Optional[_AnyExecuteParams]
    
        if not context.executemany:
            effective_parameters = parameters[0]
        else:
            effective_parameters = parameters
    
        if self._has_events or self.engine._has_events:
            for fn in self.dispatch.before_cursor_execute:
                str_statement, effective_parameters = fn(
                    self,
                    cursor,
                    str_statement,
                    effective_parameters,
                    context,
                    context.executemany,
                )
    
        if self._echo:
            self._log_info(str_statement)
    
            stats = context._get_cache_stats()
    
            if not self.engine.hide_parameters:
                self._log_info(
                    "[%s] %r",
                    stats,
                    sql_util._repr_params(
                        effective_parameters,
                        batches=10,
                        ismulti=context.executemany,
                    ),
                )
            else:
                self._log_info(
                    "[%s] [SQL parameters hidden due to hide_parameters=True]",
                    stats,
                )
    
        evt_handled: bool = False
        try:
            if context.execute_style is ExecuteStyle.EXECUTEMANY:
                effective_parameters = cast(
                    "_CoreMultiExecuteParams", effective_parameters
                )
                if self.dialect._has_events:
                    for fn in self.dialect.dispatch.do_executemany:
                        if fn(
                            cursor,
                            str_statement,
                            effective_parameters,
                            context,
                        ):
                            evt_handled = True
                            break
                if not evt_handled:
                    self.dialect.do_executemany(
                        cursor,
                        str_statement,
                        effective_parameters,
                        context,
                    )
            elif not effective_parameters and context.no_parameters:
                if self.dialect._has_events:
                    for fn in self.dialect.dispatch.do_execute_no_params:
                        if fn(cursor, str_statement, context):
                            evt_handled = True
                            break
                if not evt_handled:
                    self.dialect.do_execute_no_params(
                        cursor, str_statement, context
                    )
            else:
                effective_parameters = cast(
                    "_CoreSingleExecuteParams", effective_parameters
                )
                if self.dialect._has_events:
                    for fn in self.dialect.dispatch.do_execute:
                        if fn(
                            cursor,
                            str_statement,
                            effective_parameters,
                            context,
                        ):
                            evt_handled = True
                            break
                if not evt_handled:
>                   self.dialect.do_execute(
                        cursor, str_statement, effective_parameters, context
                    )

C:\Users\Scott\AppData\Roaming\Python\Python313\site-packages\sqlalchemy\engine\base.py:1967: 
_ _ _ _ _ _ _ _ _ _ _ _ _ _ _ _ _ _ _ _ _ _ _ _ _ _ _ _ _ _ _ _ _ _ _ _ _ _ _ _

self = <sqlalchemy.dialects.sqlite.pysqlite.SQLiteDialect_pysqlite object at 0x0000020C9913BA10>
cursor = <sqlite3.Cursor object at 0x0000020C9924A140>
statement = 'CREATE INDEX ix_factor_group_id ON factor (group_id)'
parameters = ()
context = <sqlalchemy.dialects.sqlite.base.SQLiteExecutionContext object at 0x0000020C99173070>

    def do_execute(self, cursor, statement, parameters, context=None):
>       cursor.execute(statement, parameters)
E       sqlite3.OperationalError: index ix_factor_group_id already exists

C:\Users\Scott\AppData\Roaming\Python\Python313\site-packages\sqlalchemy\engine\default.py:951: OperationalError

The above exception was the direct cause of the following exception:

    @pytest.fixture(scope="session")
    def db_engine():
        """Create engine once for the session"""
        engine = create_engine(
            SQLALCHEMY_TEST_DATABASE_URL,
            connect_args={"check_same_thread": False},
            poolclass=StaticPool,
        )
>       Base.metadata.create_all(bind=engine)

tests\conftest.py:27: 
_ _ _ _ _ _ _ _ _ _ _ _ _ _ _ _ _ _ _ _ _ _ _ _ _ _ _ _ _ _ _ _ _ _ _ _ _ _ _ _
C:\Users\Scott\AppData\Roaming\Python\Python313\site-packages\sqlalchemy\sql\schema.py:5928: in create_all
    bind._run_ddl_visitor(
C:\Users\Scott\AppData\Roaming\Python\Python313\site-packages\sqlalchemy\engine\base.py:3252: in _run_ddl_visitor
    conn._run_ddl_visitor(visitorcallable, element, **kwargs)
C:\Users\Scott\AppData\Roaming\Python\Python313\site-packages\sqlalchemy\engine\base.py:2459: in _run_ddl_visitor
    ).traverse_single(element)
      ^^^^^^^^^^^^^^^^^^^^^^^^
C:\Users\Scott\AppData\Roaming\Python\Python313\site-packages\sqlalchemy\sql\visitors.py:661: in traverse_single
    return meth(obj, **kw)
           ^^^^^^^^^^^^^^^
C:\Users\Scott\AppData\Roaming\Python\Python313\site-packages\sqlalchemy\sql\ddl.py:984: in visit_metadata
    self.traverse_single(
C:\Users\Scott\AppData\Roaming\Python\Python313\site-packages\sqlalchemy\sql\visitors.py:661: in traverse_single
    return meth(obj, **kw)
           ^^^^^^^^^^^^^^^
C:\Users\Scott\AppData\Roaming\Python\Python313\site-packages\sqlalchemy\sql\ddl.py:1026: in visit_table
    self.traverse_single(index, create_ok=True)
C:\Users\Scott\AppData\Roaming\Python\Python313\site-packages\sqlalchemy\sql\visitors.py:661: in traverse_single
    return meth(obj, **kw)
           ^^^^^^^^^^^^^^^
C:\Users\Scott\AppData\Roaming\Python\Python313\site-packages\sqlalchemy\sql\ddl.py:1063: in visit_index
    CreateIndex(index)._invoke_with(self.connection)
C:\Users\Scott\AppData\Roaming\Python\Python313\site-packages\sqlalchemy\sql\ddl.py:321: in _invoke_with
    return bind.execute(self)
           ^^^^^^^^^^^^^^^^^^
C:\Users\Scott\AppData\Roaming\Python\Python313\site-packages\sqlalchemy\engine\base.py:1419: in execute
    return meth(
C:\Users\Scott\AppData\Roaming\Python\Python313\site-packages\sqlalchemy\sql\ddl.py:187: in _execute_on_connection
    return connection._execute_ddl(
C:\Users\Scott\AppData\Roaming\Python\Python313\site-packages\sqlalchemy\engine\base.py:1530: in _execute_ddl
    ret = self._execute_context(
C:\Users\Scott\AppData\Roaming\Python\Python313\site-packages\sqlalchemy\engine\base.py:1846: in _execute_context
    return self._exec_single_context(
C:\Users\Scott\AppData\Roaming\Python\Python313\site-packages\sqlalchemy\engine\base.py:1986: in _exec_single_context
    self._handle_dbapi_exception(
C:\Users\Scott\AppData\Roaming\Python\Python313\site-packages\sqlalchemy\engine\base.py:2355: in _handle_dbapi_exception
    raise sqlalchemy_exception.with_traceback(exc_info[2]) from e
C:\Users\Scott\AppData\Roaming\Python\Python313\site-packages\sqlalchemy\engine\base.py:1967: in _exec_single_context
    self.dialect.do_execute(
_ _ _ _ _ _ _ _ _ _ _ _ _ _ _ _ _ _ _ _ _ _ _ _ _ _ _ _ _ _ _ _ _ _ _ _ _ _ _ _

self = <sqlalchemy.dialects.sqlite.pysqlite.SQLiteDialect_pysqlite object at 0x0000020C9913BA10>
cursor = <sqlite3.Cursor object at 0x0000020C9924A140>
statement = 'CREATE INDEX ix_factor_group_id ON factor (group_id)'
parameters = ()
context = <sqlalchemy.dialects.sqlite.base.SQLiteExecutionContext object at 0x0000020C99173070>

    def do_execute(self, cursor, statement, parameters, context=None):
>       cursor.execute(statement, parameters)
E       sqlalchemy.exc.OperationalError: (sqlite3.OperationalError) index ix_factor_group_id already exists
E       [SQL: CREATE INDEX ix_factor_group_id ON factor (group_id)]
E       (Background on this error at: https://sqlalche.me/e/20/e3q8)

C:\Users\Scott\AppData\Roaming\Python\Python313\site-packages\sqlalchemy\engine\default.py:951: OperationalError
__________________ ERROR at setup of test_factor_with_group ___________________

self = <sqlalchemy.engine.base.Connection object at 0x0000020C99228EC0>
dialect = <sqlalchemy.dialects.sqlite.pysqlite.SQLiteDialect_pysqlite object at 0x0000020C9913BA10>
context = <sqlalchemy.dialects.sqlite.base.SQLiteExecutionContext object at 0x0000020C99173070>
statement = <sqlalchemy.dialects.sqlite.base.SQLiteDDLCompiler object at 0x0000020C991179B0>
parameters = [()]

    def _exec_single_context(
        self,
        dialect: Dialect,
        context: ExecutionContext,
        statement: Union[str, Compiled],
        parameters: Optional[_AnyMultiExecuteParams],
    ) -> CursorResult[Any]:
        """continue the _execute_context() method for a single DBAPI
        cursor.execute() or cursor.executemany() call.
    
        """
        if dialect.bind_typing is BindTyping.SETINPUTSIZES:
            generic_setinputsizes = context._prepare_set_input_sizes()
    
            if generic_setinputsizes:
                try:
                    dialect.do_set_input_sizes(
                        context.cursor, generic_setinputsizes, context
                    )
                except BaseException as e:
                    self._handle_dbapi_exception(
                        e, str(statement), parameters, None, context
                    )
    
        cursor, str_statement, parameters = (
            context.cursor,
            context.statement,
            context.parameters,
        )
    
        effective_parameters: Optional[_AnyExecuteParams]
    
        if not context.executemany:
            effective_parameters = parameters[0]
        else:
            effective_parameters = parameters
    
        if self._has_events or self.engine._has_events:
            for fn in self.dispatch.before_cursor_execute:
                str_statement, effective_parameters = fn(
                    self,
                    cursor,
                    str_statement,
                    effective_parameters,
                    context,
                    context.executemany,
                )
    
        if self._echo:
            self._log_info(str_statement)
    
            stats = context._get_cache_stats()
    
            if not self.engine.hide_parameters:
                self._log_info(
                    "[%s] %r",
                    stats,
                    sql_util._repr_params(
                        effective_parameters,
                        batches=10,
                        ismulti=context.executemany,
                    ),
                )
            else:
                self._log_info(
                    "[%s] [SQL parameters hidden due to hide_parameters=True]",
                    stats,
                )
    
        evt_handled: bool = False
        try:
            if context.execute_style is ExecuteStyle.EXECUTEMANY:
                effective_parameters = cast(
                    "_CoreMultiExecuteParams", effective_parameters
                )
                if self.dialect._has_events:
                    for fn in self.dialect.dispatch.do_executemany:
                        if fn(
                            cursor,
                            str_statement,
                            effective_parameters,
                            context,
                        ):
                            evt_handled = True
                            break
                if not evt_handled:
                    self.dialect.do_executemany(
                        cursor,
                        str_statement,
                        effective_parameters,
                        context,
                    )
            elif not effective_parameters and context.no_parameters:
                if self.dialect._has_events:
                    for fn in self.dialect.dispatch.do_execute_no_params:
                        if fn(cursor, str_statement, context):
                            evt_handled = True
                            break
                if not evt_handled:
                    self.dialect.do_execute_no_params(
                        cursor, str_statement, context
                    )
            else:
                effective_parameters = cast(
                    "_CoreSingleExecuteParams", effective_parameters
                )
                if self.dialect._has_events:
                    for fn in self.dialect.dispatch.do_execute:
                        if fn(
                            cursor,
                            str_statement,
                            effective_parameters,
                            context,
                        ):
                            evt_handled = True
                            break
                if not evt_handled:
>                   self.dialect.do_execute(
                        cursor, str_statement, effective_parameters, context
                    )

C:\Users\Scott\AppData\Roaming\Python\Python313\site-packages\sqlalchemy\engine\base.py:1967: 
_ _ _ _ _ _ _ _ _ _ _ _ _ _ _ _ _ _ _ _ _ _ _ _ _ _ _ _ _ _ _ _ _ _ _ _ _ _ _ _

self = <sqlalchemy.dialects.sqlite.pysqlite.SQLiteDialect_pysqlite object at 0x0000020C9913BA10>
cursor = <sqlite3.Cursor object at 0x0000020C9924A140>
statement = 'CREATE INDEX ix_factor_group_id ON factor (group_id)'
parameters = ()
context = <sqlalchemy.dialects.sqlite.base.SQLiteExecutionContext object at 0x0000020C99173070>

    def do_execute(self, cursor, statement, parameters, context=None):
>       cursor.execute(statement, parameters)
E       sqlite3.OperationalError: index ix_factor_group_id already exists

C:\Users\Scott\AppData\Roaming\Python\Python313\site-packages\sqlalchemy\engine\default.py:951: OperationalError

The above exception was the direct cause of the following exception:

    @pytest.fixture(scope="session")
    def db_engine():
        """Create engine once for the session"""
        engine = create_engine(
            SQLALCHEMY_TEST_DATABASE_URL,
            connect_args={"check_same_thread": False},
            poolclass=StaticPool,
        )
>       Base.metadata.create_all(bind=engine)

tests\conftest.py:27: 
_ _ _ _ _ _ _ _ _ _ _ _ _ _ _ _ _ _ _ _ _ _ _ _ _ _ _ _ _ _ _ _ _ _ _ _ _ _ _ _
C:\Users\Scott\AppData\Roaming\Python\Python313\site-packages\sqlalchemy\sql\schema.py:5928: in create_all
    bind._run_ddl_visitor(
C:\Users\Scott\AppData\Roaming\Python\Python313\site-packages\sqlalchemy\engine\base.py:3252: in _run_ddl_visitor
    conn._run_ddl_visitor(visitorcallable, element, **kwargs)
C:\Users\Scott\AppData\Roaming\Python\Python313\site-packages\sqlalchemy\engine\base.py:2459: in _run_ddl_visitor
    ).traverse_single(element)
      ^^^^^^^^^^^^^^^^^^^^^^^^
C:\Users\Scott\AppData\Roaming\Python\Python313\site-packages\sqlalchemy\sql\visitors.py:661: in traverse_single
    return meth(obj, **kw)
           ^^^^^^^^^^^^^^^
C:\Users\Scott\AppData\Roaming\Python\Python313\site-packages\sqlalchemy\sql\ddl.py:984: in visit_metadata
    self.traverse_single(
C:\Users\Scott\AppData\Roaming\Python\Python313\site-packages\sqlalchemy\sql\visitors.py:661: in traverse_single
    return meth(obj, **kw)
           ^^^^^^^^^^^^^^^
C:\Users\Scott\AppData\Roaming\Python\Python313\site-packages\sqlalchemy\sql\ddl.py:1026: in visit_table
    self.traverse_single(index, create_ok=True)
C:\Users\Scott\AppData\Roaming\Python\Python313\site-packages\sqlalchemy\sql\visitors.py:661: in traverse_single
    return meth(obj, **kw)
           ^^^^^^^^^^^^^^^
C:\Users\Scott\AppData\Roaming\Python\Python313\site-packages\sqlalchemy\sql\ddl.py:1063: in visit_index
    CreateIndex(index)._invoke_with(self.connection)
C:\Users\Scott\AppData\Roaming\Python\Python313\site-packages\sqlalchemy\sql\ddl.py:321: in _invoke_with
    return bind.execute(self)
           ^^^^^^^^^^^^^^^^^^
C:\Users\Scott\AppData\Roaming\Python\Python313\site-packages\sqlalchemy\engine\base.py:1419: in execute
    return meth(
C:\Users\Scott\AppData\Roaming\Python\Python313\site-packages\sqlalchemy\sql\ddl.py:187: in _execute_on_connection
    return connection._execute_ddl(
C:\Users\Scott\AppData\Roaming\Python\Python313\site-packages\sqlalchemy\engine\base.py:1530: in _execute_ddl
    ret = self._execute_context(
C:\Users\Scott\AppData\Roaming\Python\Python313\site-packages\sqlalchemy\engine\base.py:1846: in _execute_context
    return self._exec_single_context(
C:\Users\Scott\AppData\Roaming\Python\Python313\site-packages\sqlalchemy\engine\base.py:1986: in _exec_single_context
    self._handle_dbapi_exception(
C:\Users\Scott\AppData\Roaming\Python\Python313\site-packages\sqlalchemy\engine\base.py:2355: in _handle_dbapi_exception
    raise sqlalchemy_exception.with_traceback(exc_info[2]) from e
C:\Users\Scott\AppData\Roaming\Python\Python313\site-packages\sqlalchemy\engine\base.py:1967: in _exec_single_context
    self.dialect.do_execute(
_ _ _ _ _ _ _ _ _ _ _ _ _ _ _ _ _ _ _ _ _ _ _ _ _ _ _ _ _ _ _ _ _ _ _ _ _ _ _ _

self = <sqlalchemy.dialects.sqlite.pysqlite.SQLiteDialect_pysqlite object at 0x0000020C9913BA10>
cursor = <sqlite3.Cursor object at 0x0000020C9924A140>
statement = 'CREATE INDEX ix_factor_group_id ON factor (group_id)'
parameters = ()
context = <sqlalchemy.dialects.sqlite.base.SQLiteExecutionContext object at 0x0000020C99173070>

    def do_execute(self, cursor, statement, parameters, context=None):
>       cursor.execute(statement, parameters)
E       sqlalchemy.exc.OperationalError: (sqlite3.OperationalError) index ix_factor_group_id already exists
E       [SQL: CREATE INDEX ix_factor_group_id ON factor (group_id)]
E       (Background on this error at: https://sqlalche.me/e/20/e3q8)

C:\Users\Scott\AppData\Roaming\Python\Python313\site-packages\sqlalchemy\engine\default.py:951: OperationalError
____________________ ERROR at setup of test_factor_returns ____________________

self = <sqlalchemy.engine.base.Connection object at 0x0000020C99228EC0>
dialect = <sqlalchemy.dialects.sqlite.pysqlite.SQLiteDialect_pysqlite object at 0x0000020C9913BA10>
context = <sqlalchemy.dialects.sqlite.base.SQLiteExecutionContext object at 0x0000020C99173070>
statement = <sqlalchemy.dialects.sqlite.base.SQLiteDDLCompiler object at 0x0000020C991179B0>
parameters = [()]

    def _exec_single_context(
        self,
        dialect: Dialect,
        context: ExecutionContext,
        statement: Union[str, Compiled],
        parameters: Optional[_AnyMultiExecuteParams],
    ) -> CursorResult[Any]:
        """continue the _execute_context() method for a single DBAPI
        cursor.execute() or cursor.executemany() call.
    
        """
        if dialect.bind_typing is BindTyping.SETINPUTSIZES:
            generic_setinputsizes = context._prepare_set_input_sizes()
    
            if generic_setinputsizes:
                try:
                    dialect.do_set_input_sizes(
                        context.cursor, generic_setinputsizes, context
                    )
                except BaseException as e:
                    self._handle_dbapi_exception(
                        e, str(statement), parameters, None, context
                    )
    
        cursor, str_statement, parameters = (
            context.cursor,
            context.statement,
            context.parameters,
        )
    
        effective_parameters: Optional[_AnyExecuteParams]
    
        if not context.executemany:
            effective_parameters = parameters[0]
        else:
            effective_parameters = parameters
    
        if self._has_events or self.engine._has_events:
            for fn in self.dispatch.before_cursor_execute:
                str_statement, effective_parameters = fn(
                    self,
                    cursor,
                    str_statement,
                    effective_parameters,
                    context,
                    context.executemany,
                )
    
        if self._echo:
            self._log_info(str_statement)
    
            stats = context._get_cache_stats()
    
            if not self.engine.hide_parameters:
                self._log_info(
                    "[%s] %r",
                    stats,
                    sql_util._repr_params(
                        effective_parameters,
                        batches=10,
                        ismulti=context.executemany,
                    ),
                )
            else:
                self._log_info(
                    "[%s] [SQL parameters hidden due to hide_parameters=True]",
                    stats,
                )
    
        evt_handled: bool = False
        try:
            if context.execute_style is ExecuteStyle.EXECUTEMANY:
                effective_parameters = cast(
                    "_CoreMultiExecuteParams", effective_parameters
                )
                if self.dialect._has_events:
                    for fn in self.dialect.dispatch.do_executemany:
                        if fn(
                            cursor,
                            str_statement,
                            effective_parameters,
                            context,
                        ):
                            evt_handled = True
                            break
                if not evt_handled:
                    self.dialect.do_executemany(
                        cursor,
                        str_statement,
                        effective_parameters,
                        context,
                    )
            elif not effective_parameters and context.no_parameters:
                if self.dialect._has_events:
                    for fn in self.dialect.dispatch.do_execute_no_params:
                        if fn(cursor, str_statement, context):
                            evt_handled = True
                            break
                if not evt_handled:
                    self.dialect.do_execute_no_params(
                        cursor, str_statement, context
                    )
            else:
                effective_parameters = cast(
                    "_CoreSingleExecuteParams", effective_parameters
                )
                if self.dialect._has_events:
                    for fn in self.dialect.dispatch.do_execute:
                        if fn(
                            cursor,
                            str_statement,
                            effective_parameters,
                            context,
                        ):
                            evt_handled = True
                            break
                if not evt_handled:
>                   self.dialect.do_execute(
                        cursor, str_statement, effective_parameters, context
                    )

C:\Users\Scott\AppData\Roaming\Python\Python313\site-packages\sqlalchemy\engine\base.py:1967: 
_ _ _ _ _ _ _ _ _ _ _ _ _ _ _ _ _ _ _ _ _ _ _ _ _ _ _ _ _ _ _ _ _ _ _ _ _ _ _ _

self = <sqlalchemy.dialects.sqlite.pysqlite.SQLiteDialect_pysqlite object at 0x0000020C9913BA10>
cursor = <sqlite3.Cursor object at 0x0000020C9924A140>
statement = 'CREATE INDEX ix_factor_group_id ON factor (group_id)'
parameters = ()
context = <sqlalchemy.dialects.sqlite.base.SQLiteExecutionContext object at 0x0000020C99173070>

    def do_execute(self, cursor, statement, parameters, context=None):
>       cursor.execute(statement, parameters)
E       sqlite3.OperationalError: index ix_factor_group_id already exists

C:\Users\Scott\AppData\Roaming\Python\Python313\site-packages\sqlalchemy\engine\default.py:951: OperationalError

The above exception was the direct cause of the following exception:

    @pytest.fixture(scope="session")
    def db_engine():
        """Create engine once for the session"""
        engine = create_engine(
            SQLALCHEMY_TEST_DATABASE_URL,
            connect_args={"check_same_thread": False},
            poolclass=StaticPool,
        )
>       Base.metadata.create_all(bind=engine)

tests\conftest.py:27: 
_ _ _ _ _ _ _ _ _ _ _ _ _ _ _ _ _ _ _ _ _ _ _ _ _ _ _ _ _ _ _ _ _ _ _ _ _ _ _ _
C:\Users\Scott\AppData\Roaming\Python\Python313\site-packages\sqlalchemy\sql\schema.py:5928: in create_all
    bind._run_ddl_visitor(
C:\Users\Scott\AppData\Roaming\Python\Python313\site-packages\sqlalchemy\engine\base.py:3252: in _run_ddl_visitor
    conn._run_ddl_visitor(visitorcallable, element, **kwargs)
C:\Users\Scott\AppData\Roaming\Python\Python313\site-packages\sqlalchemy\engine\base.py:2459: in _run_ddl_visitor
    ).traverse_single(element)
      ^^^^^^^^^^^^^^^^^^^^^^^^
C:\Users\Scott\AppData\Roaming\Python\Python313\site-packages\sqlalchemy\sql\visitors.py:661: in traverse_single
    return meth(obj, **kw)
           ^^^^^^^^^^^^^^^
C:\Users\Scott\AppData\Roaming\Python\Python313\site-packages\sqlalchemy\sql\ddl.py:984: in visit_metadata
    self.traverse_single(
C:\Users\Scott\AppData\Roaming\Python\Python313\site-packages\sqlalchemy\sql\visitors.py:661: in traverse_single
    return meth(obj, **kw)
           ^^^^^^^^^^^^^^^
C:\Users\Scott\AppData\Roaming\Python\Python313\site-packages\sqlalchemy\sql\ddl.py:1026: in visit_table
    self.traverse_single(index, create_ok=True)
C:\Users\Scott\AppData\Roaming\Python\Python313\site-packages\sqlalchemy\sql\visitors.py:661: in traverse_single
    return meth(obj, **kw)
           ^^^^^^^^^^^^^^^
C:\Users\Scott\AppData\Roaming\Python\Python313\site-packages\sqlalchemy\sql\ddl.py:1063: in visit_index
    CreateIndex(index)._invoke_with(self.connection)
C:\Users\Scott\AppData\Roaming\Python\Python313\site-packages\sqlalchemy\sql\ddl.py:321: in _invoke_with
    return bind.execute(self)
           ^^^^^^^^^^^^^^^^^^
C:\Users\Scott\AppData\Roaming\Python\Python313\site-packages\sqlalchemy\engine\base.py:1419: in execute
    return meth(
C:\Users\Scott\AppData\Roaming\Python\Python313\site-packages\sqlalchemy\sql\ddl.py:187: in _execute_on_connection
    return connection._execute_ddl(
C:\Users\Scott\AppData\Roaming\Python\Python313\site-packages\sqlalchemy\engine\base.py:1530: in _execute_ddl
    ret = self._execute_context(
C:\Users\Scott\AppData\Roaming\Python\Python313\site-packages\sqlalchemy\engine\base.py:1846: in _execute_context
    return self._exec_single_context(
C:\Users\Scott\AppData\Roaming\Python\Python313\site-packages\sqlalchemy\engine\base.py:1986: in _exec_single_context
    self._handle_dbapi_exception(
C:\Users\Scott\AppData\Roaming\Python\Python313\site-packages\sqlalchemy\engine\base.py:2355: in _handle_dbapi_exception
    raise sqlalchemy_exception.with_traceback(exc_info[2]) from e
C:\Users\Scott\AppData\Roaming\Python\Python313\site-packages\sqlalchemy\engine\base.py:1967: in _exec_single_context
    self.dialect.do_execute(
_ _ _ _ _ _ _ _ _ _ _ _ _ _ _ _ _ _ _ _ _ _ _ _ _ _ _ _ _ _ _ _ _ _ _ _ _ _ _ _

self = <sqlalchemy.dialects.sqlite.pysqlite.SQLiteDialect_pysqlite object at 0x0000020C9913BA10>
cursor = <sqlite3.Cursor object at 0x0000020C9924A140>
statement = 'CREATE INDEX ix_factor_group_id ON factor (group_id)'
parameters = ()
context = <sqlalchemy.dialects.sqlite.base.SQLiteExecutionContext object at 0x0000020C99173070>

    def do_execute(self, cursor, statement, parameters, context=None):
>       cursor.execute(statement, parameters)
E       sqlalchemy.exc.OperationalError: (sqlite3.OperationalError) index ix_factor_group_id already exists
E       [SQL: CREATE INDEX ix_factor_group_id ON factor (group_id)]
E       (Background on this error at: https://sqlalche.me/e/20/e3q8)

C:\Users\Scott\AppData\Roaming\Python\Python313\site-packages\sqlalchemy\engine\default.py:951: OperationalError
___________ ERROR at setup of test_factor_return_unique_constraint ____________

self = <sqlalchemy.engine.base.Connection object at 0x0000020C99228EC0>
dialect = <sqlalchemy.dialects.sqlite.pysqlite.SQLiteDialect_pysqlite object at 0x0000020C9913BA10>
context = <sqlalchemy.dialects.sqlite.base.SQLiteExecutionContext object at 0x0000020C99173070>
statement = <sqlalchemy.dialects.sqlite.base.SQLiteDDLCompiler object at 0x0000020C991179B0>
parameters = [()]

    def _exec_single_context(
        self,
        dialect: Dialect,
        context: ExecutionContext,
        statement: Union[str, Compiled],
        parameters: Optional[_AnyMultiExecuteParams],
    ) -> CursorResult[Any]:
        """continue the _execute_context() method for a single DBAPI
        cursor.execute() or cursor.executemany() call.
    
        """
        if dialect.bind_typing is BindTyping.SETINPUTSIZES:
            generic_setinputsizes = context._prepare_set_input_sizes()
    
            if generic_setinputsizes:
                try:
                    dialect.do_set_input_sizes(
                        context.cursor, generic_setinputsizes, context
                    )
                except BaseException as e:
                    self._handle_dbapi_exception(
                        e, str(statement), parameters, None, context
                    )
    
        cursor, str_statement, parameters = (
            context.cursor,
            context.statement,
            context.parameters,
        )
    
        effective_parameters: Optional[_AnyExecuteParams]
    
        if not context.executemany:
            effective_parameters = parameters[0]
        else:
            effective_parameters = parameters
    
        if self._has_events or self.engine._has_events:
            for fn in self.dispatch.before_cursor_execute:
                str_statement, effective_parameters = fn(
                    self,
                    cursor,
                    str_statement,
                    effective_parameters,
                    context,
                    context.executemany,
                )
    
        if self._echo:
            self._log_info(str_statement)
    
            stats = context._get_cache_stats()
    
            if not self.engine.hide_parameters:
                self._log_info(
                    "[%s] %r",
                    stats,
                    sql_util._repr_params(
                        effective_parameters,
                        batches=10,
                        ismulti=context.executemany,
                    ),
                )
            else:
                self._log_info(
                    "[%s] [SQL parameters hidden due to hide_parameters=True]",
                    stats,
                )
    
        evt_handled: bool = False
        try:
            if context.execute_style is ExecuteStyle.EXECUTEMANY:
                effective_parameters = cast(
                    "_CoreMultiExecuteParams", effective_parameters
                )
                if self.dialect._has_events:
                    for fn in self.dialect.dispatch.do_executemany:
                        if fn(
                            cursor,
                            str_statement,
                            effective_parameters,
                            context,
                        ):
                            evt_handled = True
                            break
                if not evt_handled:
                    self.dialect.do_executemany(
                        cursor,
                        str_statement,
                        effective_parameters,
                        context,
                    )
            elif not effective_parameters and context.no_parameters:
                if self.dialect._has_events:
                    for fn in self.dialect.dispatch.do_execute_no_params:
                        if fn(cursor, str_statement, context):
                            evt_handled = True
                            break
                if not evt_handled:
                    self.dialect.do_execute_no_params(
                        cursor, str_statement, context
                    )
            else:
                effective_parameters = cast(
                    "_CoreSingleExecuteParams", effective_parameters
                )
                if self.dialect._has_events:
                    for fn in self.dialect.dispatch.do_execute:
                        if fn(
                            cursor,
                            str_statement,
                            effective_parameters,
                            context,
                        ):
                            evt_handled = True
                            break
                if not evt_handled:
>                   self.dialect.do_execute(
                        cursor, str_statement, effective_parameters, context
                    )

C:\Users\Scott\AppData\Roaming\Python\Python313\site-packages\sqlalchemy\engine\base.py:1967: 
_ _ _ _ _ _ _ _ _ _ _ _ _ _ _ _ _ _ _ _ _ _ _ _ _ _ _ _ _ _ _ _ _ _ _ _ _ _ _ _

self = <sqlalchemy.dialects.sqlite.pysqlite.SQLiteDialect_pysqlite object at 0x0000020C9913BA10>
cursor = <sqlite3.Cursor object at 0x0000020C9924A140>
statement = 'CREATE INDEX ix_factor_group_id ON factor (group_id)'
parameters = ()
context = <sqlalchemy.dialects.sqlite.base.SQLiteExecutionContext object at 0x0000020C99173070>

    def do_execute(self, cursor, statement, parameters, context=None):
>       cursor.execute(statement, parameters)
E       sqlite3.OperationalError: index ix_factor_group_id already exists

C:\Users\Scott\AppData\Roaming\Python\Python313\site-packages\sqlalchemy\engine\default.py:951: OperationalError

The above exception was the direct cause of the following exception:

    @pytest.fixture(scope="session")
    def db_engine():
        """Create engine once for the session"""
        engine = create_engine(
            SQLALCHEMY_TEST_DATABASE_URL,
            connect_args={"check_same_thread": False},
            poolclass=StaticPool,
        )
>       Base.metadata.create_all(bind=engine)

tests\conftest.py:27: 
_ _ _ _ _ _ _ _ _ _ _ _ _ _ _ _ _ _ _ _ _ _ _ _ _ _ _ _ _ _ _ _ _ _ _ _ _ _ _ _
C:\Users\Scott\AppData\Roaming\Python\Python313\site-packages\sqlalchemy\sql\schema.py:5928: in create_all
    bind._run_ddl_visitor(
C:\Users\Scott\AppData\Roaming\Python\Python313\site-packages\sqlalchemy\engine\base.py:3252: in _run_ddl_visitor
    conn._run_ddl_visitor(visitorcallable, element, **kwargs)
C:\Users\Scott\AppData\Roaming\Python\Python313\site-packages\sqlalchemy\engine\base.py:2459: in _run_ddl_visitor
    ).traverse_single(element)
      ^^^^^^^^^^^^^^^^^^^^^^^^
C:\Users\Scott\AppData\Roaming\Python\Python313\site-packages\sqlalchemy\sql\visitors.py:661: in traverse_single
    return meth(obj, **kw)
           ^^^^^^^^^^^^^^^
C:\Users\Scott\AppData\Roaming\Python\Python313\site-packages\sqlalchemy\sql\ddl.py:984: in visit_metadata
    self.traverse_single(
C:\Users\Scott\AppData\Roaming\Python\Python313\site-packages\sqlalchemy\sql\visitors.py:661: in traverse_single
    return meth(obj, **kw)
           ^^^^^^^^^^^^^^^
C:\Users\Scott\AppData\Roaming\Python\Python313\site-packages\sqlalchemy\sql\ddl.py:1026: in visit_table
    self.traverse_single(index, create_ok=True)
C:\Users\Scott\AppData\Roaming\Python\Python313\site-packages\sqlalchemy\sql\visitors.py:661: in traverse_single
    return meth(obj, **kw)
           ^^^^^^^^^^^^^^^
C:\Users\Scott\AppData\Roaming\Python\Python313\site-packages\sqlalchemy\sql\ddl.py:1063: in visit_index
    CreateIndex(index)._invoke_with(self.connection)
C:\Users\Scott\AppData\Roaming\Python\Python313\site-packages\sqlalchemy\sql\ddl.py:321: in _invoke_with
    return bind.execute(self)
           ^^^^^^^^^^^^^^^^^^
C:\Users\Scott\AppData\Roaming\Python\Python313\site-packages\sqlalchemy\engine\base.py:1419: in execute
    return meth(
C:\Users\Scott\AppData\Roaming\Python\Python313\site-packages\sqlalchemy\sql\ddl.py:187: in _execute_on_connection
    return connection._execute_ddl(
C:\Users\Scott\AppData\Roaming\Python\Python313\site-packages\sqlalchemy\engine\base.py:1530: in _execute_ddl
    ret = self._execute_context(
C:\Users\Scott\AppData\Roaming\Python\Python313\site-packages\sqlalchemy\engine\base.py:1846: in _execute_context
    return self._exec_single_context(
C:\Users\Scott\AppData\Roaming\Python\Python313\site-packages\sqlalchemy\engine\base.py:1986: in _exec_single_context
    self._handle_dbapi_exception(
C:\Users\Scott\AppData\Roaming\Python\Python313\site-packages\sqlalchemy\engine\base.py:2355: in _handle_dbapi_exception
    raise sqlalchemy_exception.with_traceback(exc_info[2]) from e
C:\Users\Scott\AppData\Roaming\Python\Python313\site-packages\sqlalchemy\engine\base.py:1967: in _exec_single_context
    self.dialect.do_execute(
_ _ _ _ _ _ _ _ _ _ _ _ _ _ _ _ _ _ _ _ _ _ _ _ _ _ _ _ _ _ _ _ _ _ _ _ _ _ _ _

self = <sqlalchemy.dialects.sqlite.pysqlite.SQLiteDialect_pysqlite object at 0x0000020C9913BA10>
cursor = <sqlite3.Cursor object at 0x0000020C9924A140>
statement = 'CREATE INDEX ix_factor_group_id ON factor (group_id)'
parameters = ()
context = <sqlalchemy.dialects.sqlite.base.SQLiteExecutionContext object at 0x0000020C99173070>

    def do_execute(self, cursor, statement, parameters, context=None):
>       cursor.execute(statement, parameters)
E       sqlalchemy.exc.OperationalError: (sqlite3.OperationalError) index ix_factor_group_id already exists
E       [SQL: CREATE INDEX ix_factor_group_id ON factor (group_id)]
E       (Background on this error at: https://sqlalche.me/e/20/e3q8)

C:\Users\Scott\AppData\Roaming\Python\Python313\site-packages\sqlalchemy\engine\default.py:951: OperationalError
=============================== tests coverage ================================
_______________ coverage: platform win32, python 3.13.5-final-0 _______________

Name                          Stmts   Miss  Cover   Missing
-----------------------------------------------------------
__init__.py                       0      0   100%
api\__init__.py                   0      0   100%
api\advanced_analytics.py       168    118    30%   74-141, 170-269, 297-346
api\analytics.py                130    111    15%   29-102, 115-181, 196-282, 292-293
api\export.py                    66     50    24%   27-56, 72-126, 139-174
api\factors.py                  119     98    18%   33-63, 74-79, 94-141, 155-214, 228-300
api\monitoring.py                37     23    38%   19-49, 55-76, 94
cache.py                         54     54     0%   4-90
db.py                            15      6    60%   28-32, 40-41
etl\__init__.py                   0      0   100%
etl\ingest_aqr_factors.py       213    213     0%   14-558
main.py                          31      8    74%   41, 51, 60, 77, 91, 100-102
models.py                        46      0   100%
schemas.py                      135      0   100%
tests\__init__.py                 0      0   100%
tests\conftest.py                36     16    56%   28-29, 38-46, 51-57, 63
tests\test_api_analytics.py      52     45    13%   13-50, 55-56, 62-90, 96-120
tests\test_api_factors.py        96     83    14%   12-14, 19-21, 27-36, 41-50, 55-56, 62-74, 79-87, 93-113, 118-137, 143-157
tests\test_models.py             49     41    16%   12-22, 27-42, 47-61, 66-81, 86-100
-----------------------------------------------------------
TOTAL                          1247    866    31%
Coverage HTML written to dir htmlcov
=========================== short test summary info ===========================
ERROR tests/test_api_analytics.py::test_compare_factors - sqlalchemy.exc.OperationalError: (sqlite3.OperationalError) index ix_factor_group_id already exists
[SQL: CREATE INDEX ix_factor_group_id ON factor (group_id)]
(Background on this error at: https://sqlalche.me/e/20/e3q8)
ERROR tests/test_api_analytics.py::test_compare_factors_minimum_requirement - sqlalchemy.exc.OperationalError: (sqlite3.OperationalError) index ix_factor_group_id already exists
[SQL: CREATE INDEX ix_factor_group_id ON factor (group_id)]
(Background on this error at: https://sqlalche.me/e/20/e3q8)
ERROR tests/test_api_analytics.py::test_correlation_matrix - sqlalchemy.exc.OperationalError: (sqlite3.OperationalError) index ix_factor_group_id already exists
[SQL: CREATE INDEX ix_factor_group_id ON factor (group_id)]
(Background on this error at: https://sqlalche.me/e/20/e3q8)
ERROR tests/test_api_analytics.py::test_top_factors - sqlalchemy.exc.OperationalError: (sqlite3.OperationalError) index ix_factor_group_id already exists
[SQL: CREATE INDEX ix_factor_group_id ON factor (group_id)]
(Background on this error at: https://sqlalche.me/e/20/e3q8)
ERROR tests/test_api_factors.py::test_health_check - sqlalchemy.exc.OperationalError: (sqlite3.OperationalError) index ix_factor_group_id already exists
[SQL: CREATE INDEX ix_factor_group_id ON factor (group_id)]
(Background on this error at: https://sqlalche.me/e/20/e3q8)
ERROR tests/test_api_factors.py::test_list_factors_empty - sqlalchemy.exc.OperationalError: (sqlite3.OperationalError) index ix_factor_group_id already exists
[SQL: CREATE INDEX ix_factor_group_id ON factor (group_id)]
(Background on this error at: https://sqlalche.me/e/20/e3q8)
ERROR tests/test_api_factors.py::test_list_factors - sqlalchemy.exc.OperationalError: (sqlite3.OperationalError) index ix_factor_group_id already exists
[SQL: CREATE INDEX ix_factor_group_id ON factor (group_id)]
(Background on this error at: https://sqlalche.me/e/20/e3q8)
ERROR tests/test_api_factors.py::test_get_factor_by_id - sqlalchemy.exc.OperationalError: (sqlite3.OperationalError) index ix_factor_group_id already exists
[SQL: CREATE INDEX ix_factor_group_id ON factor (group_id)]
(Background on this error at: https://sqlalche.me/e/20/e3q8)
ERROR tests/test_api_factors.py::test_get_factor_not_found - sqlalchemy.exc.OperationalError: (sqlite3.OperationalError) index ix_factor_group_id already exists
[SQL: CREATE INDEX ix_factor_group_id ON factor (group_id)]
(Background on this error at: https://sqlalche.me/e/20/e3q8)
ERROR tests/test_api_factors.py::test_filter_factors_by_region - sqlalchemy.exc.OperationalError: (sqlite3.OperationalError) index ix_factor_group_id already exists
[SQL: CREATE INDEX ix_factor_group_id ON factor (group_id)]
(Background on this error at: https://sqlalche.me/e/20/e3q8)
ERROR tests/test_api_factors.py::test_search_factors - sqlalchemy.exc.OperationalError: (sqlite3.OperationalError) index ix_factor_group_id already exists
[SQL: CREATE INDEX ix_factor_group_id ON factor (group_id)]
(Background on this error at: https://sqlalche.me/e/20/e3q8)
ERROR tests/test_api_factors.py::test_get_factor_timeseries - sqlalchemy.exc.OperationalError: (sqlite3.OperationalError) index ix_factor_group_id already exists
[SQL: CREATE INDEX ix_factor_group_id ON factor (group_id)]
(Background on this error at: https://sqlalche.me/e/20/e3q8)
ERROR tests/test_api_factors.py::test_get_factor_statistics - sqlalchemy.exc.OperationalError: (sqlite3.OperationalError) index ix_factor_group_id already exists
[SQL: CREATE INDEX ix_factor_group_id ON factor (group_id)]
(Background on this error at: https://sqlalche.me/e/20/e3q8)
ERROR tests/test_api_factors.py::test_pagination - sqlalchemy.exc.OperationalError: (sqlite3.OperationalError) index ix_factor_group_id already exists
[SQL: CREATE INDEX ix_factor_group_id ON factor (group_id)]
(Background on this error at: https://sqlalche.me/e/20/e3q8)
ERROR tests/test_models.py::test_create_factor_group - sqlalchemy.exc.OperationalError: (sqlite3.OperationalError) index ix_factor_group_id already exists
[SQL: CREATE INDEX ix_factor_group_id ON factor (group_id)]
(Background on this error at: https://sqlalche.me/e/20/e3q8)
ERROR tests/test_models.py::test_create_factor - sqlalchemy.exc.OperationalError: (sqlite3.OperationalError) index ix_factor_group_id already exists
[SQL: CREATE INDEX ix_factor_group_id ON factor (group_id)]
(Background on this error at: https://sqlalche.me/e/20/e3q8)
ERROR tests/test_models.py::test_factor_with_group - sqlalchemy.exc.OperationalError: (sqlite3.OperationalError) index ix_factor_group_id already exists
[SQL: CREATE INDEX ix_factor_group_id ON factor (group_id)]
C:\Users\Scott\AppData\Roaming\Python\Python313\site-packages\_pytest\unraisableexception.py:33: ResourceWarning: unclosed database in <sqlite3.Connection object at 0x0000020C992687C0>
  gc.collect()
ResourceWarning: Enable tracemalloc to get the object allocation traceback
(Background on this error at: https://sqlalche.me/e/20/e3q8)
ERROR tests/test_models.py::test_factor_returns - sqlalchemy.exc.OperationalError: (sqlite3.OperationalError) index ix_factor_group_id already exists
[SQL: CREATE INDEX ix_factor_group_id ON factor (group_id)]
(Background on this error at: https://sqlalche.me/e/20/e3q8)
ERROR tests/test_models.py::test_factor_return_unique_constraint - sqlalchemy.exc.OperationalError: (sqlite3.OperationalError) index ix_factor_group_id already exists
[SQL: CREATE INDEX ix_factor_group_id ON factor (group_id)]
(Background on this error at: https://sqlalche.me/e/20/e3q8)
============================= 19 errors in 4.64s ==============================
